
===========================================================================
report_checks -path_delay min (Hold)
============================================================================
======================= Typical Corner ===================================

Startpoint: _148_ (rising edge-triggered flip-flop clocked by clk)
Endpoint: _148_ (rising edge-triggered flip-flop clocked by clk)
Path Group: clk
Path Type: min

Fanout     Cap    Slew   Delay    Time   Description
-----------------------------------------------------------------------------
                  0.15    0.00    0.00   clock clk (rise edge)
                          0.00    0.00   clock network delay (ideal)
                  0.15    0.00    0.00 ^ _148_/CLK (sky130_fd_sc_hd__dfrtp_2)
                  0.05    0.42    0.42 v _148_/Q (sky130_fd_sc_hd__dfrtp_2)
     3    0.01                           alu.sel[0] (net)
                  0.05    0.00    0.42 v _071_/A (sky130_fd_sc_hd__buf_1)
                  0.23    0.23    0.65 v _071_/X (sky130_fd_sc_hd__buf_1)
    10    0.04                           _006_ (net)
                  0.23    0.00    0.65 v _072_/A (sky130_fd_sc_hd__inv_2)
                  0.05    0.08    0.73 ^ _072_/Y (sky130_fd_sc_hd__inv_2)
     1    0.00                           _000_ (net)
                  0.05    0.00    0.73 ^ _148_/D (sky130_fd_sc_hd__dfrtp_2)
                                  0.73   data arrival time

                  0.15    0.00    0.00   clock clk (rise edge)
                          0.00    0.00   clock network delay (ideal)
                          0.25    0.25   clock uncertainty
                          0.00    0.25   clock reconvergence pessimism
                                  0.25 ^ _148_/CLK (sky130_fd_sc_hd__dfrtp_2)
                         -0.02    0.23   library hold time
                                  0.23   data required time
-----------------------------------------------------------------------------
                                  0.23   data required time
                                 -0.73   data arrival time
-----------------------------------------------------------------------------
                                  0.50   slack (MET)


Startpoint: _149_ (rising edge-triggered flip-flop clocked by clk)
Endpoint: _149_ (rising edge-triggered flip-flop clocked by clk)
Path Group: clk
Path Type: min

Fanout     Cap    Slew   Delay    Time   Description
-----------------------------------------------------------------------------
                  0.15    0.00    0.00   clock clk (rise edge)
                          0.00    0.00   clock network delay (ideal)
                  0.15    0.00    0.00 ^ _149_/CLK (sky130_fd_sc_hd__dfrtp_2)
                  0.04    0.40    0.40 v _149_/Q (sky130_fd_sc_hd__dfrtp_2)
     2    0.00                           alu.sel[1] (net)
                  0.04    0.00    0.40 v _073_/A (sky130_fd_sc_hd__buf_1)
                  0.19    0.20    0.61 v _073_/X (sky130_fd_sc_hd__buf_1)
    10    0.03                           _007_ (net)
                  0.19    0.00    0.61 v _141_/B (sky130_fd_sc_hd__xor2_2)
                  0.06    0.15    0.75 ^ _141_/X (sky130_fd_sc_hd__xor2_2)
     1    0.00                           _001_ (net)
                  0.06    0.00    0.75 ^ _149_/D (sky130_fd_sc_hd__dfrtp_2)
                                  0.75   data arrival time

                  0.15    0.00    0.00   clock clk (rise edge)
                          0.00    0.00   clock network delay (ideal)
                          0.25    0.25   clock uncertainty
                          0.00    0.25   clock reconvergence pessimism
                                  0.25 ^ _149_/CLK (sky130_fd_sc_hd__dfrtp_2)
                         -0.02    0.23   library hold time
                                  0.23   data required time
-----------------------------------------------------------------------------
                                  0.23   data required time
                                 -0.75   data arrival time
-----------------------------------------------------------------------------
                                  0.53   slack (MET)


Startpoint: _150_ (rising edge-triggered flip-flop clocked by clk)
Endpoint: _150_ (rising edge-triggered flip-flop clocked by clk)
Path Group: clk
Path Type: min

Fanout     Cap    Slew   Delay    Time   Description
-----------------------------------------------------------------------------
                  0.15    0.00    0.00   clock clk (rise edge)
                          0.00    0.00   clock network delay (ideal)
                  0.15    0.00    0.00 ^ _150_/CLK (sky130_fd_sc_hd__dfrtp_2)
                  0.16    0.45    0.45 ^ _150_/Q (sky130_fd_sc_hd__dfrtp_2)
    10    0.03                           alu.sel[2] (net)
                  0.16    0.00    0.45 ^ _142_/B1_N (sky130_fd_sc_hd__a21boi_2)
                  0.07    0.15    0.61 ^ _142_/Y (sky130_fd_sc_hd__a21boi_2)
     1    0.00                           _069_ (net)
                  0.07    0.00    0.61 ^ _143_/B (sky130_fd_sc_hd__or2_2)
                  0.03    0.09    0.70 ^ _143_/X (sky130_fd_sc_hd__or2_2)
     1    0.00                           _070_ (net)
                  0.03    0.00    0.70 ^ _144_/A (sky130_fd_sc_hd__buf_1)
                  0.04    0.06    0.77 ^ _144_/X (sky130_fd_sc_hd__buf_1)
     1    0.00                           _002_ (net)
                  0.04    0.00    0.77 ^ _150_/D (sky130_fd_sc_hd__dfrtp_2)
                                  0.77   data arrival time

                  0.15    0.00    0.00   clock clk (rise edge)
                          0.00    0.00   clock network delay (ideal)
                          0.25    0.25   clock uncertainty
                          0.00    0.25   clock reconvergence pessimism
                                  0.25 ^ _150_/CLK (sky130_fd_sc_hd__dfrtp_2)
                         -0.02    0.23   library hold time
                                  0.23   data required time
-----------------------------------------------------------------------------
                                  0.23   data required time
                                 -0.77   data arrival time
-----------------------------------------------------------------------------
                                  0.54   slack (MET)


Startpoint: rst (input port clocked by clk)
Endpoint: _149_ (removal check against rising-edge clock clk)
Path Group: asynchronous
Path Type: min

Fanout     Cap    Slew   Delay    Time   Description
-----------------------------------------------------------------------------
                  0.15    0.00    0.00   clock clk (rise edge)
                          0.00    0.00   clock network delay (ideal)
                          2.00    2.00 v input external delay
                  0.10    0.07    2.07 v rst (in)
     3    0.04                           rst (net)
                  0.10    0.00    2.07 v _146_/A (sky130_fd_sc_hd__inv_2)
                  0.04    0.06    2.13 ^ _146_/Y (sky130_fd_sc_hd__inv_2)
     1    0.00                           _004_ (net)
                  0.04    0.00    2.13 ^ _149_/RESET_B (sky130_fd_sc_hd__dfrtp_2)
                                  2.13   data arrival time

                  0.15    0.00    0.00   clock clk (rise edge)
                          0.00    0.00   clock network delay (ideal)
                          0.25    0.25   clock uncertainty
                          0.00    0.25   clock reconvergence pessimism
                                  0.25 ^ _149_/CLK (sky130_fd_sc_hd__dfrtp_2)
                          0.35    0.60   library removal time
                                  0.60   data required time
-----------------------------------------------------------------------------
                                  0.60   data required time
                                 -2.13   data arrival time
-----------------------------------------------------------------------------
                                  1.53   slack (MET)


Startpoint: rst (input port clocked by clk)
Endpoint: _148_ (removal check against rising-edge clock clk)
Path Group: asynchronous
Path Type: min

Fanout     Cap    Slew   Delay    Time   Description
-----------------------------------------------------------------------------
                  0.15    0.00    0.00   clock clk (rise edge)
                          0.00    0.00   clock network delay (ideal)
                          2.00    2.00 v input external delay
                  0.10    0.07    2.07 v rst (in)
     3    0.04                           rst (net)
                  0.10    0.00    2.07 v _145_/A (sky130_fd_sc_hd__inv_2)
                  0.04    0.06    2.13 ^ _145_/Y (sky130_fd_sc_hd__inv_2)
     1    0.00                           _003_ (net)
                  0.04    0.00    2.13 ^ _148_/RESET_B (sky130_fd_sc_hd__dfrtp_2)
                                  2.13   data arrival time

                  0.15    0.00    0.00   clock clk (rise edge)
                          0.00    0.00   clock network delay (ideal)
                          0.25    0.25   clock uncertainty
                          0.00    0.25   clock reconvergence pessimism
                                  0.25 ^ _148_/CLK (sky130_fd_sc_hd__dfrtp_2)
                          0.35    0.60   library removal time
                                  0.60   data required time
-----------------------------------------------------------------------------
                                  0.60   data required time
                                 -2.13   data arrival time
-----------------------------------------------------------------------------
                                  1.53   slack (MET)


Startpoint: rst (input port clocked by clk)
Endpoint: _150_ (removal check against rising-edge clock clk)
Path Group: asynchronous
Path Type: min

Fanout     Cap    Slew   Delay    Time   Description
-----------------------------------------------------------------------------
                  0.15    0.00    0.00   clock clk (rise edge)
                          0.00    0.00   clock network delay (ideal)
                          2.00    2.00 v input external delay
                  0.10    0.07    2.07 v rst (in)
     3    0.04                           rst (net)
                  0.10    0.00    2.07 v _147_/A (sky130_fd_sc_hd__inv_2)
                  0.04    0.06    2.13 ^ _147_/Y (sky130_fd_sc_hd__inv_2)
     1    0.00                           _005_ (net)
                  0.04    0.00    2.13 ^ _150_/RESET_B (sky130_fd_sc_hd__dfrtp_2)
                                  2.13   data arrival time

                  0.15    0.00    0.00   clock clk (rise edge)
                          0.00    0.00   clock network delay (ideal)
                          0.25    0.25   clock uncertainty
                          0.00    0.25   clock reconvergence pessimism
                                  0.25 ^ _150_/CLK (sky130_fd_sc_hd__dfrtp_2)
                          0.35    0.60   library removal time
                                  0.60   data required time
-----------------------------------------------------------------------------
                                  0.60   data required time
                                 -2.13   data arrival time
-----------------------------------------------------------------------------
                                  1.54   slack (MET)


Startpoint: _149_ (rising edge-triggered flip-flop clocked by clk)
Endpoint: Zero (output port clocked by clk)
Path Group: clk
Path Type: min

Fanout     Cap    Slew   Delay    Time   Description
-----------------------------------------------------------------------------
                  0.15    0.00    0.00   clock clk (rise edge)
                          0.00    0.00   clock network delay (ideal)
                  0.15    0.00    0.00 ^ _149_/CLK (sky130_fd_sc_hd__dfrtp_2)
                  0.05    0.36    0.36 ^ _149_/Q (sky130_fd_sc_hd__dfrtp_2)
     2    0.01                           alu.sel[1] (net)
                  0.05    0.00    0.36 ^ _087_/B (sky130_fd_sc_hd__and3b_2)
                  0.09    0.20    0.56 ^ _087_/X (sky130_fd_sc_hd__and3b_2)
     4    0.01                           _020_ (net)
                  0.09    0.00    0.56 ^ _131_/A2 (sky130_fd_sc_hd__a211o_2)
                  0.03    0.12    0.68 ^ _131_/X (sky130_fd_sc_hd__a211o_2)
     1    0.00                           _062_ (net)
                  0.03    0.00    0.68 ^ _132_/B1 (sky130_fd_sc_hd__a31o_2)
                  0.07    0.11    0.79 ^ _132_/X (sky130_fd_sc_hd__a31o_2)
     2    0.01                           _063_ (net)
                  0.07    0.00    0.79 ^ _136_/C (sky130_fd_sc_hd__nor4_2)
                  0.11    0.11    0.90 v _136_/Y (sky130_fd_sc_hd__nor4_2)
     1    0.05                           Zero (net)
                  0.11    0.01    0.91 v Zero (out)
                                  0.91   data arrival time

                  0.15    0.00    0.00   clock clk (rise edge)
                          0.00    0.00   clock network delay (ideal)
                          0.25    0.25   clock uncertainty
                          0.00    0.25   clock reconvergence pessimism
                         -2.00   -1.75   output external delay
                                 -1.75   data required time
-----------------------------------------------------------------------------
                                 -1.75   data required time
                                 -0.91   data arrival time
-----------------------------------------------------------------------------
                                  2.66   slack (MET)


Startpoint: _149_ (rising edge-triggered flip-flop clocked by clk)
Endpoint: Carry (output port clocked by clk)
Path Group: clk
Path Type: min

Fanout     Cap    Slew   Delay    Time   Description
-----------------------------------------------------------------------------
                  0.15    0.00    0.00   clock clk (rise edge)
                          0.00    0.00   clock network delay (ideal)
                  0.15    0.00    0.00 ^ _149_/CLK (sky130_fd_sc_hd__dfrtp_2)
                  0.05    0.36    0.36 ^ _149_/Q (sky130_fd_sc_hd__dfrtp_2)
     2    0.01                           alu.sel[1] (net)
                  0.05    0.00    0.36 ^ _087_/B (sky130_fd_sc_hd__and3b_2)
                  0.09    0.20    0.56 ^ _087_/X (sky130_fd_sc_hd__and3b_2)
     4    0.01                           _020_ (net)
                  0.09    0.00    0.56 ^ _140_/B1 (sky130_fd_sc_hd__a221o_2)
                  0.32    0.33    0.90 ^ _140_/X (sky130_fd_sc_hd__a221o_2)
     1    0.06                           Carry (net)
                  0.32    0.02    0.91 ^ Carry (out)
                                  0.91   data arrival time

                  0.15    0.00    0.00   clock clk (rise edge)
                          0.00    0.00   clock network delay (ideal)
                          0.25    0.25   clock uncertainty
                          0.00    0.25   clock reconvergence pessimism
                         -2.00   -1.75   output external delay
                                 -1.75   data required time
-----------------------------------------------------------------------------
                                 -1.75   data required time
                                 -0.91   data arrival time
-----------------------------------------------------------------------------
                                  2.66   slack (MET)


Startpoint: _150_ (rising edge-triggered flip-flop clocked by clk)
Endpoint: Y[0] (output port clocked by clk)
Path Group: clk
Path Type: min

Fanout     Cap    Slew   Delay    Time   Description
-----------------------------------------------------------------------------
                  0.15    0.00    0.00   clock clk (rise edge)
                          0.00    0.00   clock network delay (ideal)
                  0.15    0.00    0.00 ^ _150_/CLK (sky130_fd_sc_hd__dfrtp_2)
                  0.16    0.45    0.45 ^ _150_/Q (sky130_fd_sc_hd__dfrtp_2)
    10    0.03                           alu.sel[2] (net)
                  0.16    0.00    0.45 ^ _074_/C (sky130_fd_sc_hd__and3_2)
                  0.09    0.23    0.68 ^ _074_/X (sky130_fd_sc_hd__and3_2)
     4    0.01                           _008_ (net)
                  0.09    0.00    0.68 ^ _082_/A2 (sky130_fd_sc_hd__a211o_2)
                  0.24    0.27    0.96 ^ _082_/X (sky130_fd_sc_hd__a211o_2)
     2    0.05                           Y[0] (net)
                  0.24    0.01    0.96 ^ Y[0] (out)
                                  0.96   data arrival time

                  0.15    0.00    0.00   clock clk (rise edge)
                          0.00    0.00   clock network delay (ideal)
                          0.25    0.25   clock uncertainty
                          0.00    0.25   clock reconvergence pessimism
                         -2.00   -1.75   output external delay
                                 -1.75   data required time
-----------------------------------------------------------------------------
                                 -1.75   data required time
                                 -0.96   data arrival time
-----------------------------------------------------------------------------
                                  2.71   slack (MET)


Startpoint: _150_ (rising edge-triggered flip-flop clocked by clk)
Endpoint: Y[2] (output port clocked by clk)
Path Group: clk
Path Type: min

Fanout     Cap    Slew   Delay    Time   Description
-----------------------------------------------------------------------------
                  0.15    0.00    0.00   clock clk (rise edge)
                          0.00    0.00   clock network delay (ideal)
                  0.15    0.00    0.00 ^ _150_/CLK (sky130_fd_sc_hd__dfrtp_2)
                  0.16    0.45    0.45 ^ _150_/Q (sky130_fd_sc_hd__dfrtp_2)
    10    0.03                           alu.sel[2] (net)
                  0.16    0.00    0.45 ^ _096_/B (sky130_fd_sc_hd__or3b_2)
                  0.11    0.19    0.64 ^ _096_/X (sky130_fd_sc_hd__or3b_2)
     3    0.02                           _029_ (net)
                  0.11    0.00    0.64 ^ _107_/B1 (sky130_fd_sc_hd__a21oi_2)
                  0.03    0.04    0.68 v _107_/Y (sky130_fd_sc_hd__a21oi_2)
     1    0.00                           _039_ (net)
                  0.03    0.00    0.68 v _116_/A2 (sky130_fd_sc_hd__a21o_2)
                  0.20    0.33    1.01 v _116_/X (sky130_fd_sc_hd__a21o_2)
     2    0.08                           Y[2] (net)
                  0.20    0.02    1.03 v Y[2] (out)
                                  1.03   data arrival time

                  0.15    0.00    0.00   clock clk (rise edge)
                          0.00    0.00   clock network delay (ideal)
                          0.25    0.25   clock uncertainty
                          0.00    0.25   clock reconvergence pessimism
                         -2.00   -1.75   output external delay
                                 -1.75   data required time
-----------------------------------------------------------------------------
                                 -1.75   data required time
                                 -1.03   data arrival time
-----------------------------------------------------------------------------
                                  2.78   slack (MET)


Startpoint: _149_ (rising edge-triggered flip-flop clocked by clk)
Endpoint: Y[1] (output port clocked by clk)
Path Group: clk
Path Type: min

Fanout     Cap    Slew   Delay    Time   Description
-----------------------------------------------------------------------------
                  0.15    0.00    0.00   clock clk (rise edge)
                          0.00    0.00   clock network delay (ideal)
                  0.15    0.00    0.00 ^ _149_/CLK (sky130_fd_sc_hd__dfrtp_2)
                  0.05    0.36    0.36 ^ _149_/Q (sky130_fd_sc_hd__dfrtp_2)
     2    0.01                           alu.sel[1] (net)
                  0.05    0.00    0.36 ^ _087_/B (sky130_fd_sc_hd__and3b_2)
                  0.09    0.20    0.56 ^ _087_/X (sky130_fd_sc_hd__and3b_2)
     4    0.01                           _020_ (net)
                  0.09    0.00    0.56 ^ _088_/B1 (sky130_fd_sc_hd__a22o_2)
                  0.03    0.12    0.69 ^ _088_/X (sky130_fd_sc_hd__a22o_2)
     1    0.00                           _021_ (net)
                  0.03    0.00    0.69 ^ _090_/B1 (sky130_fd_sc_hd__a211o_2)
                  0.02    0.08    0.76 ^ _090_/X (sky130_fd_sc_hd__a211o_2)
     1    0.00                           _023_ (net)
                  0.02    0.00    0.76 ^ _099_/B (sky130_fd_sc_hd__or4_2)
                  0.03    0.09    0.86 ^ _099_/X (sky130_fd_sc_hd__or4_2)
     1    0.00                           _032_ (net)
                  0.03    0.00    0.86 ^ _100_/A (sky130_fd_sc_hd__buf_1)
                  0.49    0.37    1.22 ^ _100_/X (sky130_fd_sc_hd__buf_1)
     2    0.04                           Y[1] (net)
                  0.49    0.00    1.22 ^ Y[1] (out)
                                  1.22   data arrival time

                  0.15    0.00    0.00   clock clk (rise edge)
                          0.00    0.00   clock network delay (ideal)
                          0.25    0.25   clock uncertainty
                          0.00    0.25   clock reconvergence pessimism
                         -2.00   -1.75   output external delay
                                 -1.75   data required time
-----------------------------------------------------------------------------
                                 -1.75   data required time
                                 -1.22   data arrival time
-----------------------------------------------------------------------------
                                  2.97   slack (MET)


Startpoint: _149_ (rising edge-triggered flip-flop clocked by clk)
Endpoint: Y[3] (output port clocked by clk)
Path Group: clk
Path Type: min

Fanout     Cap    Slew   Delay    Time   Description
-----------------------------------------------------------------------------
                  0.15    0.00    0.00   clock clk (rise edge)
                          0.00    0.00   clock network delay (ideal)
                  0.15    0.00    0.00 ^ _149_/CLK (sky130_fd_sc_hd__dfrtp_2)
                  0.05    0.36    0.36 ^ _149_/Q (sky130_fd_sc_hd__dfrtp_2)
     2    0.01                           alu.sel[1] (net)
                  0.05    0.00    0.36 ^ _087_/B (sky130_fd_sc_hd__and3b_2)
                  0.09    0.20    0.56 ^ _087_/X (sky130_fd_sc_hd__and3b_2)
     4    0.01                           _020_ (net)
                  0.09    0.00    0.56 ^ _131_/A2 (sky130_fd_sc_hd__a211o_2)
                  0.03    0.12    0.68 ^ _131_/X (sky130_fd_sc_hd__a211o_2)
     1    0.00                           _062_ (net)
                  0.03    0.00    0.68 ^ _132_/B1 (sky130_fd_sc_hd__a31o_2)
                  0.07    0.11    0.79 ^ _132_/X (sky130_fd_sc_hd__a31o_2)
     2    0.01                           _063_ (net)
                  0.07    0.00    0.79 ^ _133_/B (sky130_fd_sc_hd__or2_2)
                  0.09    0.14    0.93 ^ _133_/X (sky130_fd_sc_hd__or2_2)
     1    0.01                           _064_ (net)
                  0.09    0.00    0.93 ^ _134_/A (sky130_fd_sc_hd__buf_1)
                  0.48    0.38    1.31 ^ _134_/X (sky130_fd_sc_hd__buf_1)
     1    0.04                           Y[3] (net)
                  0.48    0.00    1.31 ^ Y[3] (out)
                                  1.31   data arrival time

                  0.15    0.00    0.00   clock clk (rise edge)
                          0.00    0.00   clock network delay (ideal)
                          0.25    0.25   clock uncertainty
                          0.00    0.25   clock reconvergence pessimism
                         -2.00   -1.75   output external delay
                                 -1.75   data required time
-----------------------------------------------------------------------------
                                 -1.75   data required time
                                 -1.31   data arrival time
-----------------------------------------------------------------------------
                                  3.06   slack (MET)



