
===========================================================================
report_checks -unconstrained
===========================================================================
======================= Typical Corner ===================================

Startpoint: rst (input port clocked by clk)
Endpoint: _148_ (recovery check against rising-edge clock clk)
Path Group: asynchronous
Path Type: max

Fanout     Cap    Slew   Delay    Time   Description
-----------------------------------------------------------------------------
                  0.15    0.00    0.00   clock clk (rise edge)
                          0.00    0.00   clock network delay (ideal)
                          2.00    2.00 v input external delay
                  0.03    0.02    2.02 v rst (in)
     3    0.01                           rst (net)
                  0.03    0.00    2.02 v _145_/A (sky130_fd_sc_hd__inv_2)
                  0.02    0.04    2.06 ^ _145_/Y (sky130_fd_sc_hd__inv_2)
     1    0.00                           _003_ (net)
                  0.02    0.00    2.06 ^ _148_/RESET_B (sky130_fd_sc_hd__dfrtp_2)
                                  2.06   data arrival time

                  0.15   10.00   10.00   clock clk (rise edge)
                          0.00   10.00   clock network delay (ideal)
                         -0.25    9.75   clock uncertainty
                          0.00    9.75   clock reconvergence pessimism
                                  9.75 ^ _148_/CLK (sky130_fd_sc_hd__dfrtp_2)
                          0.26   10.01   library recovery time
                                 10.01   data required time
-----------------------------------------------------------------------------
                                 10.01   data required time
                                 -2.06   data arrival time
-----------------------------------------------------------------------------
                                  7.95   slack (MET)


Startpoint: A[1] (input port clocked by clk)
Endpoint: Zero (output port clocked by clk)
Path Group: clk
Path Type: max

Fanout     Cap    Slew   Delay    Time   Description
-----------------------------------------------------------------------------
                  0.15    0.00    0.00   clock clk (rise edge)
                          0.00    0.00   clock network delay (ideal)
                          2.00    2.00 v input external delay
                  0.05    0.04    2.04 v A[1] (in)
     7    0.02                           A[1] (net)
                  0.05    0.00    2.04 v _083_/A (sky130_fd_sc_hd__and2_2)
                  0.06    0.20    2.24 v _083_/X (sky130_fd_sc_hd__and2_2)
     3    0.01                           _016_ (net)
                  0.06    0.00    2.24 v _088_/A2 (sky130_fd_sc_hd__a22o_2)
                  0.04    0.26    2.50 v _088_/X (sky130_fd_sc_hd__a22o_2)
     1    0.00                           _021_ (net)
                  0.04    0.00    2.50 v _090_/B1 (sky130_fd_sc_hd__a211o_2)
                  0.04    0.30    2.80 v _090_/X (sky130_fd_sc_hd__a211o_2)
     1    0.00                           _023_ (net)
                  0.04    0.00    2.80 v _099_/B (sky130_fd_sc_hd__or4_2)
                  0.09    0.66    3.46 v _099_/X (sky130_fd_sc_hd__or4_2)
     1    0.00                           _032_ (net)
                  0.09    0.00    3.46 v _100_/A (sky130_fd_sc_hd__buf_1)
                  0.20    0.26    3.72 v _100_/X (sky130_fd_sc_hd__buf_1)
     2    0.03                           Y[1] (net)
                  0.20    0.00    3.72 v _135_/B (sky130_fd_sc_hd__or2_2)
                  0.06    0.35    4.07 v _135_/X (sky130_fd_sc_hd__or2_2)
     1    0.00                           _065_ (net)
                  0.06    0.00    4.07 v _136_/D (sky130_fd_sc_hd__nor4_2)
                  0.82    0.64    4.71 ^ _136_/Y (sky130_fd_sc_hd__nor4_2)
     1    0.03                           Zero (net)
                  0.82    0.00    4.71 ^ Zero (out)
                                  4.71   data arrival time

                  0.15   10.00   10.00   clock clk (rise edge)
                          0.00   10.00   clock network delay (ideal)
                         -0.25    9.75   clock uncertainty
                          0.00    9.75   clock reconvergence pessimism
                         -2.00    7.75   output external delay
                                  7.75   data required time
-----------------------------------------------------------------------------
                                  7.75   data required time
                                 -4.71   data arrival time
-----------------------------------------------------------------------------
                                  3.04   slack (MET)




===========================================================================
report_checks --slack_max -0.01
============================================================================
======================= Typical Corner ===================================

No paths found.


===========================================================================
 report_check_types -max_slew -max_cap -max_fanout -violators
============================================================================
======================= Typical Corner ===================================

max slew

Pin                                    Limit    Slew   Slack
------------------------------------------------------------
Zero                                    0.75    0.82   -0.07 (VIOLATED)
_136_/Y                                 0.75    0.82   -0.07 (VIOLATED)



===========================================================================
report_parasitic_annotation -report_unannotated
============================================================================
Found 90 unannotated drivers.
 A[0]
 A[1]
 A[2]
 A[3]
 B[0]
 B[1]
 B[2]
 B[3]
 clk
 rst
 _071_/X
 _072_/Y
 _073_/X
 _074_/X
 _075_/Y
 _076_/Y
 _077_/X
 _078_/X
 _079_/X
 _080_/Y
 _081_/X
 _082_/X
 _083_/X
 _084_/X
 _085_/Y
 _086_/X
 _087_/X
 _088_/X
 _089_/Y
 _090_/X
 _091_/X
 _092_/Y
 _093_/Y
 _094_/Y
 _095_/X
 _096_/X
 _097_/Y
 _098_/X
 _099_/X
 _100_/X
 _101_/Y
 _102_/X
 _103_/Y
 _104_/X
 _105_/Y
 _106_/X
 _107_/Y
 _108_/Y
 _109_/X
 _110_/X
 _111_/X
 _112_/Y
 _113_/X
 _114_/X
 _115_/X
 _116_/X
 _117_/Y
 _118_/X
 _119_/Y
 _120_/X
 _121_/X
 _122_/Y
 _123_/X
 _124_/Y
 _125_/X
 _126_/X
 _127_/Y
 _128_/Y
 _129_/X
 _130_/X
 _131_/X
 _132_/X
 _133_/X
 _134_/X
 _135_/X
 _136_/Y
 _137_/Y
 _138_/X
 _139_/X
 _140_/X
 _141_/X
 _142_/Y
 _143_/X
 _144_/X
 _145_/Y
 _146_/Y
 _147_/Y
 _148_/Q
 _149_/Q
 _150_/Q
Found 0 partially unannotated drivers.

===========================================================================
max slew violation count 2
max fanout violation count 0
max cap violation count 0
============================================================================

===========================================================================
check_setup -verbose -unconstrained_endpoints -multiple_clock -no_clock -no_input_delay -loops -generated_clocks
===========================================================================
