
===========================================================================
report_checks -path_delay max (Setup)
============================================================================
======================= Typical Corner ===================================

Startpoint: A[1] (input port clocked by clk)
Endpoint: Zero (output port clocked by clk)
Path Group: clk
Path Type: max

Fanout     Cap    Slew   Delay    Time   Description
-----------------------------------------------------------------------------
                  0.15    0.00    0.00   clock clk (rise edge)
                          0.00    0.00   clock network delay (ideal)
                          2.00    2.00 v input external delay
                  0.05    0.04    2.04 v A[1] (in)
     7    0.02                           A[1] (net)
                  0.05    0.00    2.04 v _083_/A (sky130_fd_sc_hd__and2_2)
                  0.06    0.20    2.24 v _083_/X (sky130_fd_sc_hd__and2_2)
     3    0.01                           _016_ (net)
                  0.06    0.00    2.24 v _088_/A2 (sky130_fd_sc_hd__a22o_2)
                  0.04    0.26    2.50 v _088_/X (sky130_fd_sc_hd__a22o_2)
     1    0.00                           _021_ (net)
                  0.04    0.00    2.50 v _090_/B1 (sky130_fd_sc_hd__a211o_2)
                  0.04    0.30    2.80 v _090_/X (sky130_fd_sc_hd__a211o_2)
     1    0.00                           _023_ (net)
                  0.04    0.00    2.80 v _099_/B (sky130_fd_sc_hd__or4_2)
                  0.09    0.66    3.46 v _099_/X (sky130_fd_sc_hd__or4_2)
     1    0.00                           _032_ (net)
                  0.09    0.00    3.46 v _100_/A (sky130_fd_sc_hd__buf_1)
                  0.20    0.26    3.72 v _100_/X (sky130_fd_sc_hd__buf_1)
     2    0.03                           Y[1] (net)
                  0.20    0.00    3.72 v _135_/B (sky130_fd_sc_hd__or2_2)
                  0.06    0.35    4.07 v _135_/X (sky130_fd_sc_hd__or2_2)
     1    0.00                           _065_ (net)
                  0.06    0.00    4.07 v _136_/D (sky130_fd_sc_hd__nor4_2)
                  0.82    0.64    4.71 ^ _136_/Y (sky130_fd_sc_hd__nor4_2)
     1    0.03                           Zero (net)
                  0.82    0.00    4.71 ^ Zero (out)
                                  4.71   data arrival time

                  0.15   10.00   10.00   clock clk (rise edge)
                          0.00   10.00   clock network delay (ideal)
                         -0.25    9.75   clock uncertainty
                          0.00    9.75   clock reconvergence pessimism
                         -2.00    7.75   output external delay
                                  7.75   data required time
-----------------------------------------------------------------------------
                                  7.75   data required time
                                 -4.71   data arrival time
-----------------------------------------------------------------------------
                                  3.04   slack (MET)


Startpoint: A[1] (input port clocked by clk)
Endpoint: Y[3] (output port clocked by clk)
Path Group: clk
Path Type: max

Fanout     Cap    Slew   Delay    Time   Description
-----------------------------------------------------------------------------
                  0.15    0.00    0.00   clock clk (rise edge)
                          0.00    0.00   clock network delay (ideal)
                          2.00    2.00 ^ input external delay
                  0.12    0.08    2.08 ^ A[1] (in)
     7    0.02                           A[1] (net)
                  0.12    0.00    2.08 ^ _091_/A (sky130_fd_sc_hd__xor2_2)
                  0.36    0.33    2.42 ^ _091_/X (sky130_fd_sc_hd__xor2_2)
     6    0.03                           _024_ (net)
                  0.36    0.00    2.42 ^ _108_/A2 (sky130_fd_sc_hd__a21oi_2)
                  0.09    0.14    2.55 v _108_/Y (sky130_fd_sc_hd__a21oi_2)
     2    0.01                           _040_ (net)
                  0.09    0.00    2.55 v _125_/A2 (sky130_fd_sc_hd__o21a_2)
                  0.05    0.24    2.79 v _125_/X (sky130_fd_sc_hd__o21a_2)
     3    0.01                           _056_ (net)
                  0.05    0.00    2.79 v _126_/B (sky130_fd_sc_hd__or2_2)
                  0.05    0.28    3.07 v _126_/X (sky130_fd_sc_hd__or2_2)
     1    0.00                           _057_ (net)
                  0.05    0.00    3.07 v _132_/A2 (sky130_fd_sc_hd__a31o_2)
                  0.04    0.25    3.32 v _132_/X (sky130_fd_sc_hd__a31o_2)
     2    0.01                           _063_ (net)
                  0.04    0.00    3.32 v _133_/B (sky130_fd_sc_hd__or2_2)
                  0.05    0.27    3.59 v _133_/X (sky130_fd_sc_hd__or2_2)
     1    0.00                           _064_ (net)
                  0.05    0.00    3.59 v _134_/A (sky130_fd_sc_hd__buf_1)
                  0.19    0.23    3.83 v _134_/X (sky130_fd_sc_hd__buf_1)
     1    0.03                           Y[3] (net)
                  0.19    0.00    3.83 v Y[3] (out)
                                  3.83   data arrival time

                  0.15   10.00   10.00   clock clk (rise edge)
                          0.00   10.00   clock network delay (ideal)
                         -0.25    9.75   clock uncertainty
                          0.00    9.75   clock reconvergence pessimism
                         -2.00    7.75   output external delay
                                  7.75   data required time
-----------------------------------------------------------------------------
                                  7.75   data required time
                                 -3.83   data arrival time
-----------------------------------------------------------------------------
                                  3.92   slack (MET)


Startpoint: A[1] (input port clocked by clk)
Endpoint: Y[1] (output port clocked by clk)
Path Group: clk
Path Type: max

Fanout     Cap    Slew   Delay    Time   Description
-----------------------------------------------------------------------------
                  0.15    0.00    0.00   clock clk (rise edge)
                          0.00    0.00   clock network delay (ideal)
                          2.00    2.00 v input external delay
                  0.05    0.04    2.04 v A[1] (in)
     7    0.02                           A[1] (net)
                  0.05    0.00    2.04 v _083_/A (sky130_fd_sc_hd__and2_2)
                  0.06    0.20    2.24 v _083_/X (sky130_fd_sc_hd__and2_2)
     3    0.01                           _016_ (net)
                  0.06    0.00    2.24 v _088_/A2 (sky130_fd_sc_hd__a22o_2)
                  0.04    0.26    2.50 v _088_/X (sky130_fd_sc_hd__a22o_2)
     1    0.00                           _021_ (net)
                  0.04    0.00    2.50 v _090_/B1 (sky130_fd_sc_hd__a211o_2)
                  0.04    0.30    2.80 v _090_/X (sky130_fd_sc_hd__a211o_2)
     1    0.00                           _023_ (net)
                  0.04    0.00    2.80 v _099_/B (sky130_fd_sc_hd__or4_2)
                  0.09    0.66    3.46 v _099_/X (sky130_fd_sc_hd__or4_2)
     1    0.00                           _032_ (net)
                  0.09    0.00    3.46 v _100_/A (sky130_fd_sc_hd__buf_1)
                  0.20    0.26    3.72 v _100_/X (sky130_fd_sc_hd__buf_1)
     2    0.03                           Y[1] (net)
                  0.20    0.00    3.72 v Y[1] (out)
                                  3.72   data arrival time

                  0.15   10.00   10.00   clock clk (rise edge)
                          0.00   10.00   clock network delay (ideal)
                         -0.25    9.75   clock uncertainty
                          0.00    9.75   clock reconvergence pessimism
                         -2.00    7.75   output external delay
                                  7.75   data required time
-----------------------------------------------------------------------------
                                  7.75   data required time
                                 -3.72   data arrival time
-----------------------------------------------------------------------------
                                  4.03   slack (MET)


Startpoint: A[1] (input port clocked by clk)
Endpoint: Carry (output port clocked by clk)
Path Group: clk
Path Type: max

Fanout     Cap    Slew   Delay    Time   Description
-----------------------------------------------------------------------------
                  0.15    0.00    0.00   clock clk (rise edge)
                          0.00    0.00   clock network delay (ideal)
                          2.00    2.00 v input external delay
                  0.05    0.04    2.04 v A[1] (in)
     7    0.02                           A[1] (net)
                  0.05    0.00    2.04 v _091_/A (sky130_fd_sc_hd__xor2_2)
                  0.12    0.23    2.27 v _091_/X (sky130_fd_sc_hd__xor2_2)
     6    0.02                           _024_ (net)
                  0.12    0.00    2.27 v _108_/A2 (sky130_fd_sc_hd__a21oi_2)
                  0.17    0.23    2.50 ^ _108_/Y (sky130_fd_sc_hd__a21oi_2)
     2    0.01                           _040_ (net)
                  0.17    0.00    2.50 ^ _125_/A2 (sky130_fd_sc_hd__o21a_2)
                  0.07    0.18    2.67 ^ _125_/X (sky130_fd_sc_hd__o21a_2)
     3    0.01                           _056_ (net)
                  0.07    0.00    2.67 ^ _137_/B (sky130_fd_sc_hd__nand2_2)
                  0.03    0.05    2.72 v _137_/Y (sky130_fd_sc_hd__nand2_2)
     1    0.00                           _066_ (net)
                  0.03    0.00    2.72 v _139_/A3 (sky130_fd_sc_hd__a32o_2)
                  0.04    0.25    2.98 v _139_/X (sky130_fd_sc_hd__a32o_2)
     1    0.00                           _068_ (net)
                  0.04    0.00    2.98 v _140_/C1 (sky130_fd_sc_hd__a221o_2)
                  0.13    0.41    3.39 v _140_/X (sky130_fd_sc_hd__a221o_2)
     1    0.03                           Carry (net)
                  0.13    0.00    3.39 v Carry (out)
                                  3.39   data arrival time

                  0.15   10.00   10.00   clock clk (rise edge)
                          0.00   10.00   clock network delay (ideal)
                         -0.25    9.75   clock uncertainty
                          0.00    9.75   clock reconvergence pessimism
                         -2.00    7.75   output external delay
                                  7.75   data required time
-----------------------------------------------------------------------------
                                  7.75   data required time
                                 -3.39   data arrival time
-----------------------------------------------------------------------------
                                  4.36   slack (MET)


Startpoint: A[1] (input port clocked by clk)
Endpoint: Y[2] (output port clocked by clk)
Path Group: clk
Path Type: max

Fanout     Cap    Slew   Delay    Time   Description
-----------------------------------------------------------------------------
                  0.15    0.00    0.00   clock clk (rise edge)
                          0.00    0.00   clock network delay (ideal)
                          2.00    2.00 ^ input external delay
                  0.12    0.08    2.08 ^ A[1] (in)
     7    0.02                           A[1] (net)
                  0.12    0.00    2.08 ^ _091_/A (sky130_fd_sc_hd__xor2_2)
                  0.36    0.33    2.42 ^ _091_/X (sky130_fd_sc_hd__xor2_2)
     6    0.03                           _024_ (net)
                  0.36    0.00    2.42 ^ _108_/A2 (sky130_fd_sc_hd__a21oi_2)
                  0.09    0.14    2.55 v _108_/Y (sky130_fd_sc_hd__a21oi_2)
     2    0.01                           _040_ (net)
                  0.09    0.00    2.55 v _109_/B (sky130_fd_sc_hd__xor2_2)
                  0.05    0.16    2.71 v _109_/X (sky130_fd_sc_hd__xor2_2)
     1    0.00                           _041_ (net)
                  0.05    0.00    2.71 v _115_/A2 (sky130_fd_sc_hd__a211o_2)
                  0.05    0.34    3.04 v _115_/X (sky130_fd_sc_hd__a211o_2)
     1    0.00                           _047_ (net)
                  0.05    0.00    3.04 v _116_/B1 (sky130_fd_sc_hd__a21o_2)
                  0.11    0.28    3.33 v _116_/X (sky130_fd_sc_hd__a21o_2)
     2    0.04                           Y[2] (net)
                  0.11    0.00    3.33 v Y[2] (out)
                                  3.33   data arrival time

                  0.15   10.00   10.00   clock clk (rise edge)
                          0.00   10.00   clock network delay (ideal)
                         -0.25    9.75   clock uncertainty
                          0.00    9.75   clock reconvergence pessimism
                         -2.00    7.75   output external delay
                                  7.75   data required time
-----------------------------------------------------------------------------
                                  7.75   data required time
                                 -3.33   data arrival time
-----------------------------------------------------------------------------
                                  4.42   slack (MET)


Startpoint: A[0] (input port clocked by clk)
Endpoint: Y[0] (output port clocked by clk)
Path Group: clk
Path Type: max

Fanout     Cap    Slew   Delay    Time   Description
-----------------------------------------------------------------------------
                  0.15    0.00    0.00   clock clk (rise edge)
                          0.00    0.00   clock network delay (ideal)
                          2.00    2.00 v input external delay
                  0.03    0.02    2.02 v A[0] (in)
     6    0.01                           A[0] (net)
                  0.03    0.00    2.02 v _077_/B (sky130_fd_sc_hd__and2_2)
                  0.07    0.23    2.25 v _077_/X (sky130_fd_sc_hd__and2_2)
     5    0.02                           _011_ (net)
                  0.07    0.00    2.25 v _078_/B2 (sky130_fd_sc_hd__a2bb2o_2)
                  0.04    0.25    2.50 v _078_/X (sky130_fd_sc_hd__a2bb2o_2)
     1    0.00                           _012_ (net)
                  0.04    0.00    2.50 v _082_/B1 (sky130_fd_sc_hd__a211o_2)
                  0.12    0.42    2.92 v _082_/X (sky130_fd_sc_hd__a211o_2)
     2    0.03                           Y[0] (net)
                  0.12    0.00    2.92 v Y[0] (out)
                                  2.92   data arrival time

                  0.15   10.00   10.00   clock clk (rise edge)
                          0.00   10.00   clock network delay (ideal)
                         -0.25    9.75   clock uncertainty
                          0.00    9.75   clock reconvergence pessimism
                         -2.00    7.75   output external delay
                                  7.75   data required time
-----------------------------------------------------------------------------
                                  7.75   data required time
                                 -2.92   data arrival time
-----------------------------------------------------------------------------
                                  4.83   slack (MET)


Startpoint: rst (input port clocked by clk)
Endpoint: _148_ (recovery check against rising-edge clock clk)
Path Group: asynchronous
Path Type: max

Fanout     Cap    Slew   Delay    Time   Description
-----------------------------------------------------------------------------
                  0.15    0.00    0.00   clock clk (rise edge)
                          0.00    0.00   clock network delay (ideal)
                          2.00    2.00 v input external delay
                  0.03    0.02    2.02 v rst (in)
     3    0.01                           rst (net)
                  0.03    0.00    2.02 v _145_/A (sky130_fd_sc_hd__inv_2)
                  0.02    0.04    2.06 ^ _145_/Y (sky130_fd_sc_hd__inv_2)
     1    0.00                           _003_ (net)
                  0.02    0.00    2.06 ^ _148_/RESET_B (sky130_fd_sc_hd__dfrtp_2)
                                  2.06   data arrival time

                  0.15   10.00   10.00   clock clk (rise edge)
                          0.00   10.00   clock network delay (ideal)
                         -0.25    9.75   clock uncertainty
                          0.00    9.75   clock reconvergence pessimism
                                  9.75 ^ _148_/CLK (sky130_fd_sc_hd__dfrtp_2)
                          0.26   10.01   library recovery time
                                 10.01   data required time
-----------------------------------------------------------------------------
                                 10.01   data required time
                                 -2.06   data arrival time
-----------------------------------------------------------------------------
                                  7.95   slack (MET)


Startpoint: rst (input port clocked by clk)
Endpoint: _149_ (recovery check against rising-edge clock clk)
Path Group: asynchronous
Path Type: max

Fanout     Cap    Slew   Delay    Time   Description
-----------------------------------------------------------------------------
                  0.15    0.00    0.00   clock clk (rise edge)
                          0.00    0.00   clock network delay (ideal)
                          2.00    2.00 v input external delay
                  0.03    0.02    2.02 v rst (in)
     3    0.01                           rst (net)
                  0.03    0.00    2.02 v _146_/A (sky130_fd_sc_hd__inv_2)
                  0.02    0.04    2.06 ^ _146_/Y (sky130_fd_sc_hd__inv_2)
     1    0.00                           _004_ (net)
                  0.02    0.00    2.06 ^ _149_/RESET_B (sky130_fd_sc_hd__dfrtp_2)
                                  2.06   data arrival time

                  0.15   10.00   10.00   clock clk (rise edge)
                          0.00   10.00   clock network delay (ideal)
                         -0.25    9.75   clock uncertainty
                          0.00    9.75   clock reconvergence pessimism
                                  9.75 ^ _149_/CLK (sky130_fd_sc_hd__dfrtp_2)
                          0.26   10.01   library recovery time
                                 10.01   data required time
-----------------------------------------------------------------------------
                                 10.01   data required time
                                 -2.06   data arrival time
-----------------------------------------------------------------------------
                                  7.95   slack (MET)


Startpoint: rst (input port clocked by clk)
Endpoint: _150_ (recovery check against rising-edge clock clk)
Path Group: asynchronous
Path Type: max

Fanout     Cap    Slew   Delay    Time   Description
-----------------------------------------------------------------------------
                  0.15    0.00    0.00   clock clk (rise edge)
                          0.00    0.00   clock network delay (ideal)
                          2.00    2.00 v input external delay
                  0.03    0.02    2.02 v rst (in)
     3    0.01                           rst (net)
                  0.03    0.00    2.02 v _147_/A (sky130_fd_sc_hd__inv_2)
                  0.02    0.04    2.06 ^ _147_/Y (sky130_fd_sc_hd__inv_2)
     1    0.00                           _005_ (net)
                  0.02    0.00    2.06 ^ _150_/RESET_B (sky130_fd_sc_hd__dfrtp_2)
                                  2.06   data arrival time

                  0.15   10.00   10.00   clock clk (rise edge)
                          0.00   10.00   clock network delay (ideal)
                         -0.25    9.75   clock uncertainty
                          0.00    9.75   clock reconvergence pessimism
                                  9.75 ^ _150_/CLK (sky130_fd_sc_hd__dfrtp_2)
                          0.26   10.01   library recovery time
                                 10.01   data required time
-----------------------------------------------------------------------------
                                 10.01   data required time
                                 -2.06   data arrival time
-----------------------------------------------------------------------------
                                  7.95   slack (MET)


Startpoint: _148_ (rising edge-triggered flip-flop clocked by clk)
Endpoint: _150_ (rising edge-triggered flip-flop clocked by clk)
Path Group: clk
Path Type: max

Fanout     Cap    Slew   Delay    Time   Description
-----------------------------------------------------------------------------
                  0.15    0.00    0.00   clock clk (rise edge)
                          0.00    0.00   clock network delay (ideal)
                  0.15    0.00    0.00 ^ _148_/CLK (sky130_fd_sc_hd__dfrtp_2)
                  0.05    0.46    0.46 v _148_/Q (sky130_fd_sc_hd__dfrtp_2)
     3    0.01                           alu.sel[0] (net)
                  0.05    0.00    0.46 v _071_/A (sky130_fd_sc_hd__buf_1)
                  0.21    0.24    0.70 v _071_/X (sky130_fd_sc_hd__buf_1)
    10    0.04                           _006_ (net)
                  0.21    0.00    0.70 v _079_/C (sky130_fd_sc_hd__and3b_2)
                  0.06    0.32    1.02 v _079_/X (sky130_fd_sc_hd__and3b_2)
     5    0.01                           _013_ (net)
                  0.06    0.00    1.02 v _143_/A (sky130_fd_sc_hd__or2_2)
                  0.05    0.30    1.32 v _143_/X (sky130_fd_sc_hd__or2_2)
     1    0.00                           _070_ (net)
                  0.05    0.00    1.32 v _144_/A (sky130_fd_sc_hd__buf_1)
                  0.02    0.09    1.41 v _144_/X (sky130_fd_sc_hd__buf_1)
     1    0.00                           _002_ (net)
                  0.02    0.00    1.41 v _150_/D (sky130_fd_sc_hd__dfrtp_2)
                                  1.41   data arrival time

                  0.15   10.00   10.00   clock clk (rise edge)
                          0.00   10.00   clock network delay (ideal)
                         -0.25    9.75   clock uncertainty
                          0.00    9.75   clock reconvergence pessimism
                                  9.75 ^ _150_/CLK (sky130_fd_sc_hd__dfrtp_2)
                         -0.08    9.67   library setup time
                                  9.67   data required time
-----------------------------------------------------------------------------
                                  9.67   data required time
                                 -1.41   data arrival time
-----------------------------------------------------------------------------
                                  8.26   slack (MET)


Startpoint: _148_ (rising edge-triggered flip-flop clocked by clk)
Endpoint: _149_ (rising edge-triggered flip-flop clocked by clk)
Path Group: clk
Path Type: max

Fanout     Cap    Slew   Delay    Time   Description
-----------------------------------------------------------------------------
                  0.15    0.00    0.00   clock clk (rise edge)
                          0.00    0.00   clock network delay (ideal)
                  0.15    0.00    0.00 ^ _148_/CLK (sky130_fd_sc_hd__dfrtp_2)
                  0.05    0.46    0.46 v _148_/Q (sky130_fd_sc_hd__dfrtp_2)
     3    0.01                           alu.sel[0] (net)
                  0.05    0.00    0.46 v _071_/A (sky130_fd_sc_hd__buf_1)
                  0.21    0.24    0.70 v _071_/X (sky130_fd_sc_hd__buf_1)
    10    0.04                           _006_ (net)
                  0.21    0.00    0.70 v _141_/A (sky130_fd_sc_hd__xor2_2)
                  0.08    0.23    0.93 v _141_/X (sky130_fd_sc_hd__xor2_2)
     1    0.00                           _001_ (net)
                  0.08    0.00    0.93 v _149_/D (sky130_fd_sc_hd__dfrtp_2)
                                  0.93   data arrival time

                  0.15   10.00   10.00   clock clk (rise edge)
                          0.00   10.00   clock network delay (ideal)
                         -0.25    9.75   clock uncertainty
                          0.00    9.75   clock reconvergence pessimism
                                  9.75 ^ _149_/CLK (sky130_fd_sc_hd__dfrtp_2)
                         -0.11    9.64   library setup time
                                  9.64   data required time
-----------------------------------------------------------------------------
                                  9.64   data required time
                                 -0.93   data arrival time
-----------------------------------------------------------------------------
                                  8.72   slack (MET)


Startpoint: _148_ (rising edge-triggered flip-flop clocked by clk)
Endpoint: _148_ (rising edge-triggered flip-flop clocked by clk)
Path Group: clk
Path Type: max

Fanout     Cap    Slew   Delay    Time   Description
-----------------------------------------------------------------------------
                  0.15    0.00    0.00   clock clk (rise edge)
                          0.00    0.00   clock network delay (ideal)
                  0.15    0.00    0.00 ^ _148_/CLK (sky130_fd_sc_hd__dfrtp_2)
                  0.06    0.41    0.41 ^ _148_/Q (sky130_fd_sc_hd__dfrtp_2)
     3    0.01                           alu.sel[0] (net)
                  0.06    0.00    0.41 ^ _071_/A (sky130_fd_sc_hd__buf_1)
                  0.46    0.39    0.80 ^ _071_/X (sky130_fd_sc_hd__buf_1)
    10    0.04                           _006_ (net)
                  0.46    0.00    0.80 ^ _072_/A (sky130_fd_sc_hd__inv_2)
                  0.06    0.04    0.84 v _072_/Y (sky130_fd_sc_hd__inv_2)
     1    0.00                           _000_ (net)
                  0.06    0.00    0.84 v _148_/D (sky130_fd_sc_hd__dfrtp_2)
                                  0.84   data arrival time

                  0.15   10.00   10.00   clock clk (rise edge)
                          0.00   10.00   clock network delay (ideal)
                         -0.25    9.75   clock uncertainty
                          0.00    9.75   clock reconvergence pessimism
                                  9.75 ^ _148_/CLK (sky130_fd_sc_hd__dfrtp_2)
                         -0.10    9.65   library setup time
                                  9.65   data required time
-----------------------------------------------------------------------------
                                  9.65   data required time
                                 -0.84   data arrival time
-----------------------------------------------------------------------------
                                  8.81   slack (MET)



