
===========================================================================
report_checks -path_delay min (Hold)
============================================================================
======================= Typical Corner ===================================

Startpoint: _148_ (rising edge-triggered flip-flop clocked by clk)
Endpoint: _148_ (rising edge-triggered flip-flop clocked by clk)
Path Group: clk
Path Type: min

Fanout     Cap    Slew   Delay    Time   Description
-----------------------------------------------------------------------------
                          0.00    0.00   clock clk (rise edge)
                          0.00    0.00   clock source latency
                  0.12    0.08    0.08 ^ clk (in)
     1    0.03                           clk (net)
                  0.12    0.00    0.08 ^ clkbuf_0_clk/A (sky130_fd_sc_hd__clkbuf_16)
                  0.04    0.14    0.22 ^ clkbuf_0_clk/X (sky130_fd_sc_hd__clkbuf_16)
     2    0.02                           clknet_0_clk (net)
                  0.04    0.00    0.22 ^ clkbuf_1_0__f_clk/A (sky130_fd_sc_hd__clkbuf_16)
                  0.03    0.10    0.33 ^ clkbuf_1_0__f_clk/X (sky130_fd_sc_hd__clkbuf_16)
     2    0.01                           clknet_1_0__leaf_clk (net)
                  0.03    0.00    0.33 ^ _148_/CLK (sky130_fd_sc_hd__dfrtp_1)
                  0.09    0.33    0.66 ^ _148_/Q (sky130_fd_sc_hd__dfrtp_1)
     3    0.01                           alu.sel[0] (net)
                  0.09    0.00    0.66 ^ _071_/A (sky130_fd_sc_hd__clkbuf_4)
                  0.12    0.20    0.85 ^ _071_/X (sky130_fd_sc_hd__clkbuf_4)
    10    0.04                           _006_ (net)
                  0.12    0.00    0.86 ^ _072_/A (sky130_fd_sc_hd__inv_2)
                  0.03    0.04    0.89 v _072_/Y (sky130_fd_sc_hd__inv_2)
     1    0.00                           _000_ (net)
                  0.03    0.00    0.89 v _148_/D (sky130_fd_sc_hd__dfrtp_1)
                                  0.89   data arrival time

                          0.00    0.00   clock clk (rise edge)
                          0.00    0.00   clock source latency
                  0.12    0.09    0.09 ^ clk (in)
     1    0.03                           clk (net)
                  0.12    0.00    0.09 ^ clkbuf_0_clk/A (sky130_fd_sc_hd__clkbuf_16)
                  0.04    0.16    0.25 ^ clkbuf_0_clk/X (sky130_fd_sc_hd__clkbuf_16)
     2    0.02                           clknet_0_clk (net)
                  0.04    0.00    0.25 ^ clkbuf_1_0__f_clk/A (sky130_fd_sc_hd__clkbuf_16)
                  0.03    0.12    0.36 ^ clkbuf_1_0__f_clk/X (sky130_fd_sc_hd__clkbuf_16)
     2    0.01                           clknet_1_0__leaf_clk (net)
                  0.03    0.00    0.36 ^ _148_/CLK (sky130_fd_sc_hd__dfrtp_1)
                          0.25    0.61   clock uncertainty
                         -0.03    0.58   clock reconvergence pessimism
                         -0.04    0.53   library hold time
                                  0.53   data required time
-----------------------------------------------------------------------------
                                  0.53   data required time
                                 -0.89   data arrival time
-----------------------------------------------------------------------------
                                  0.36   slack (MET)


Startpoint: _149_ (rising edge-triggered flip-flop clocked by clk)
Endpoint: _149_ (rising edge-triggered flip-flop clocked by clk)
Path Group: clk
Path Type: min

Fanout     Cap    Slew   Delay    Time   Description
-----------------------------------------------------------------------------
                          0.00    0.00   clock clk (rise edge)
                          0.00    0.00   clock source latency
                  0.12    0.08    0.08 ^ clk (in)
     1    0.03                           clk (net)
                  0.12    0.00    0.08 ^ clkbuf_0_clk/A (sky130_fd_sc_hd__clkbuf_16)
                  0.04    0.14    0.22 ^ clkbuf_0_clk/X (sky130_fd_sc_hd__clkbuf_16)
     2    0.02                           clknet_0_clk (net)
                  0.04    0.00    0.22 ^ clkbuf_1_0__f_clk/A (sky130_fd_sc_hd__clkbuf_16)
                  0.03    0.10    0.33 ^ clkbuf_1_0__f_clk/X (sky130_fd_sc_hd__clkbuf_16)
     2    0.01                           clknet_1_0__leaf_clk (net)
                  0.03    0.00    0.33 ^ _149_/CLK (sky130_fd_sc_hd__dfrtp_1)
                  0.06    0.31    0.64 ^ _149_/Q (sky130_fd_sc_hd__dfrtp_1)
     2    0.01                           alu.sel[1] (net)
                  0.06    0.00    0.64 ^ _073_/A (sky130_fd_sc_hd__buf_2)
                  0.15    0.18    0.82 ^ _073_/X (sky130_fd_sc_hd__buf_2)
    10    0.03                           _007_ (net)
                  0.15    0.00    0.82 ^ _141_/B (sky130_fd_sc_hd__xor2_1)
                  0.03    0.08    0.90 v _141_/X (sky130_fd_sc_hd__xor2_1)
     1    0.00                           _001_ (net)
                  0.03    0.00    0.90 v _149_/D (sky130_fd_sc_hd__dfrtp_1)
                                  0.90   data arrival time

                          0.00    0.00   clock clk (rise edge)
                          0.00    0.00   clock source latency
                  0.12    0.09    0.09 ^ clk (in)
     1    0.03                           clk (net)
                  0.12    0.00    0.09 ^ clkbuf_0_clk/A (sky130_fd_sc_hd__clkbuf_16)
                  0.04    0.16    0.25 ^ clkbuf_0_clk/X (sky130_fd_sc_hd__clkbuf_16)
     2    0.02                           clknet_0_clk (net)
                  0.04    0.00    0.25 ^ clkbuf_1_0__f_clk/A (sky130_fd_sc_hd__clkbuf_16)
                  0.03    0.12    0.36 ^ clkbuf_1_0__f_clk/X (sky130_fd_sc_hd__clkbuf_16)
     2    0.01                           clknet_1_0__leaf_clk (net)
                  0.03    0.00    0.36 ^ _149_/CLK (sky130_fd_sc_hd__dfrtp_1)
                          0.25    0.61   clock uncertainty
                         -0.03    0.58   clock reconvergence pessimism
                         -0.05    0.53   library hold time
                                  0.53   data required time
-----------------------------------------------------------------------------
                                  0.53   data required time
                                 -0.90   data arrival time
-----------------------------------------------------------------------------
                                  0.37   slack (MET)


Startpoint: _150_ (rising edge-triggered flip-flop clocked by clk)
Endpoint: _150_ (rising edge-triggered flip-flop clocked by clk)
Path Group: clk
Path Type: min

Fanout     Cap    Slew   Delay    Time   Description
-----------------------------------------------------------------------------
                          0.00    0.00   clock clk (rise edge)
                          0.00    0.00   clock source latency
                  0.12    0.08    0.08 ^ clk (in)
     1    0.03                           clk (net)
                  0.12    0.00    0.08 ^ clkbuf_0_clk/A (sky130_fd_sc_hd__clkbuf_16)
                  0.04    0.14    0.22 ^ clkbuf_0_clk/X (sky130_fd_sc_hd__clkbuf_16)
     2    0.02                           clknet_0_clk (net)
                  0.04    0.00    0.22 ^ clkbuf_1_1__f_clk/A (sky130_fd_sc_hd__clkbuf_16)
                  0.03    0.10    0.32 ^ clkbuf_1_1__f_clk/X (sky130_fd_sc_hd__clkbuf_16)
     1    0.00                           clknet_1_1__leaf_clk (net)
                  0.03    0.00    0.32 ^ _150_/CLK (sky130_fd_sc_hd__dfrtp_4)
                  0.12    0.43    0.75 ^ _150_/Q (sky130_fd_sc_hd__dfrtp_4)
    10    0.03                           alu.sel[2] (net)
                  0.12    0.00    0.75 ^ _142_/B1_N (sky130_fd_sc_hd__a21boi_1)
                  0.08    0.15    0.90 ^ _142_/Y (sky130_fd_sc_hd__a21boi_1)
     1    0.00                           _069_ (net)
                  0.08    0.00    0.90 ^ _143_/B (sky130_fd_sc_hd__or2_1)
                  0.04    0.10    1.00 ^ _143_/X (sky130_fd_sc_hd__or2_1)
     1    0.00                           _070_ (net)
                  0.04    0.00    1.00 ^ _144_/A (sky130_fd_sc_hd__clkbuf_1)
                  0.05    0.08    1.08 ^ _144_/X (sky130_fd_sc_hd__clkbuf_1)
     1    0.00                           _002_ (net)
                  0.05    0.00    1.08 ^ _150_/D (sky130_fd_sc_hd__dfrtp_4)
                                  1.08   data arrival time

                          0.00    0.00   clock clk (rise edge)
                          0.00    0.00   clock source latency
                  0.12    0.09    0.09 ^ clk (in)
     1    0.03                           clk (net)
                  0.12    0.00    0.09 ^ clkbuf_0_clk/A (sky130_fd_sc_hd__clkbuf_16)
                  0.04    0.16    0.25 ^ clkbuf_0_clk/X (sky130_fd_sc_hd__clkbuf_16)
     2    0.02                           clknet_0_clk (net)
                  0.04    0.00    0.25 ^ clkbuf_1_1__f_clk/A (sky130_fd_sc_hd__clkbuf_16)
                  0.03    0.11    0.36 ^ clkbuf_1_1__f_clk/X (sky130_fd_sc_hd__clkbuf_16)
     1    0.00                           clknet_1_1__leaf_clk (net)
                  0.03    0.00    0.36 ^ _150_/CLK (sky130_fd_sc_hd__dfrtp_4)
                          0.25    0.61   clock uncertainty
                         -0.03    0.57   clock reconvergence pessimism
                         -0.04    0.54   library hold time
                                  0.54   data required time
-----------------------------------------------------------------------------
                                  0.54   data required time
                                 -1.08   data arrival time
-----------------------------------------------------------------------------
                                  0.54   slack (MET)


Startpoint: rst (input port clocked by clk)
Endpoint: _149_ (removal check against rising-edge clock clk)
Path Group: asynchronous
Path Type: min

Fanout     Cap    Slew   Delay    Time   Description
-----------------------------------------------------------------------------
                          0.00    0.00   clock clk (rise edge)
                          0.00    0.00   clock network delay (propagated)
                          2.00    2.00 v input external delay
                  0.02    0.01    2.01 v rst (in)
     1    0.01                           rst (net)
                  0.02    0.00    2.01 v input9/A (sky130_fd_sc_hd__clkbuf_4)
                  0.04    0.13    2.14 v input9/X (sky130_fd_sc_hd__clkbuf_4)
     3    0.01                           net9 (net)
                  0.04    0.00    2.14 v _146_/A (sky130_fd_sc_hd__inv_2)
                  0.03    0.04    2.18 ^ _146_/Y (sky130_fd_sc_hd__inv_2)
     1    0.00                           _004_ (net)
                  0.03    0.00    2.18 ^ _149_/RESET_B (sky130_fd_sc_hd__dfrtp_1)
                                  2.18   data arrival time

                          0.00    0.00   clock clk (rise edge)
                          0.00    0.00   clock source latency
                  0.12    0.09    0.09 ^ clk (in)
     1    0.03                           clk (net)
                  0.12    0.00    0.09 ^ clkbuf_0_clk/A (sky130_fd_sc_hd__clkbuf_16)
                  0.04    0.16    0.25 ^ clkbuf_0_clk/X (sky130_fd_sc_hd__clkbuf_16)
     2    0.02                           clknet_0_clk (net)
                  0.04    0.00    0.25 ^ clkbuf_1_0__f_clk/A (sky130_fd_sc_hd__clkbuf_16)
                  0.03    0.12    0.36 ^ clkbuf_1_0__f_clk/X (sky130_fd_sc_hd__clkbuf_16)
     2    0.01                           clknet_1_0__leaf_clk (net)
                  0.03    0.00    0.36 ^ _149_/CLK (sky130_fd_sc_hd__dfrtp_1)
                          0.25    0.61   clock uncertainty
                          0.00    0.61   clock reconvergence pessimism
                          0.31    0.92   library removal time
                                  0.92   data required time
-----------------------------------------------------------------------------
                                  0.92   data required time
                                 -2.18   data arrival time
-----------------------------------------------------------------------------
                                  1.26   slack (MET)


Startpoint: rst (input port clocked by clk)
Endpoint: _148_ (removal check against rising-edge clock clk)
Path Group: asynchronous
Path Type: min

Fanout     Cap    Slew   Delay    Time   Description
-----------------------------------------------------------------------------
                          0.00    0.00   clock clk (rise edge)
                          0.00    0.00   clock network delay (propagated)
                          2.00    2.00 v input external delay
                  0.02    0.01    2.01 v rst (in)
     1    0.01                           rst (net)
                  0.02    0.00    2.01 v input9/A (sky130_fd_sc_hd__clkbuf_4)
                  0.04    0.13    2.14 v input9/X (sky130_fd_sc_hd__clkbuf_4)
     3    0.01                           net9 (net)
                  0.04    0.00    2.14 v _145_/A (sky130_fd_sc_hd__inv_2)
                  0.03    0.04    2.18 ^ _145_/Y (sky130_fd_sc_hd__inv_2)
     1    0.00                           _003_ (net)
                  0.03    0.00    2.18 ^ _148_/RESET_B (sky130_fd_sc_hd__dfrtp_1)
                                  2.18   data arrival time

                          0.00    0.00   clock clk (rise edge)
                          0.00    0.00   clock source latency
                  0.12    0.09    0.09 ^ clk (in)
     1    0.03                           clk (net)
                  0.12    0.00    0.09 ^ clkbuf_0_clk/A (sky130_fd_sc_hd__clkbuf_16)
                  0.04    0.16    0.25 ^ clkbuf_0_clk/X (sky130_fd_sc_hd__clkbuf_16)
     2    0.02                           clknet_0_clk (net)
                  0.04    0.00    0.25 ^ clkbuf_1_0__f_clk/A (sky130_fd_sc_hd__clkbuf_16)
                  0.03    0.12    0.36 ^ clkbuf_1_0__f_clk/X (sky130_fd_sc_hd__clkbuf_16)
     2    0.01                           clknet_1_0__leaf_clk (net)
                  0.03    0.00    0.36 ^ _148_/CLK (sky130_fd_sc_hd__dfrtp_1)
                          0.25    0.61   clock uncertainty
                          0.00    0.61   clock reconvergence pessimism
                          0.31    0.92   library removal time
                                  0.92   data required time
-----------------------------------------------------------------------------
                                  0.92   data required time
                                 -2.18   data arrival time
-----------------------------------------------------------------------------
                                  1.26   slack (MET)


Startpoint: rst (input port clocked by clk)
Endpoint: _150_ (removal check against rising-edge clock clk)
Path Group: asynchronous
Path Type: min

Fanout     Cap    Slew   Delay    Time   Description
-----------------------------------------------------------------------------
                          0.00    0.00   clock clk (rise edge)
                          0.00    0.00   clock network delay (propagated)
                          2.00    2.00 v input external delay
                  0.02    0.01    2.01 v rst (in)
     1    0.01                           rst (net)
                  0.02    0.00    2.01 v input9/A (sky130_fd_sc_hd__clkbuf_4)
                  0.04    0.13    2.14 v input9/X (sky130_fd_sc_hd__clkbuf_4)
     3    0.01                           net9 (net)
                  0.04    0.00    2.14 v _147_/A (sky130_fd_sc_hd__inv_2)
                  0.03    0.04    2.18 ^ _147_/Y (sky130_fd_sc_hd__inv_2)
     1    0.00                           _005_ (net)
                  0.03    0.00    2.18 ^ _150_/RESET_B (sky130_fd_sc_hd__dfrtp_4)
                                  2.18   data arrival time

                          0.00    0.00   clock clk (rise edge)
                          0.00    0.00   clock source latency
                  0.12    0.09    0.09 ^ clk (in)
     1    0.03                           clk (net)
                  0.12    0.00    0.09 ^ clkbuf_0_clk/A (sky130_fd_sc_hd__clkbuf_16)
                  0.04    0.16    0.25 ^ clkbuf_0_clk/X (sky130_fd_sc_hd__clkbuf_16)
     2    0.02                           clknet_0_clk (net)
                  0.04    0.00    0.25 ^ clkbuf_1_1__f_clk/A (sky130_fd_sc_hd__clkbuf_16)
                  0.03    0.11    0.36 ^ clkbuf_1_1__f_clk/X (sky130_fd_sc_hd__clkbuf_16)
     1    0.00                           clknet_1_1__leaf_clk (net)
                  0.03    0.00    0.36 ^ _150_/CLK (sky130_fd_sc_hd__dfrtp_4)
                          0.25    0.61   clock uncertainty
                          0.00    0.61   clock reconvergence pessimism
                          0.31    0.92   library removal time
                                  0.92   data required time
-----------------------------------------------------------------------------
                                  0.92   data required time
                                 -2.18   data arrival time
-----------------------------------------------------------------------------
                                  1.26   slack (MET)


Startpoint: _149_ (rising edge-triggered flip-flop clocked by clk)
Endpoint: Carry (output port clocked by clk)
Path Group: clk
Path Type: min

Fanout     Cap    Slew   Delay    Time   Description
-----------------------------------------------------------------------------
                          0.00    0.00   clock clk (rise edge)
                          0.00    0.00   clock source latency
                  0.12    0.08    0.08 ^ clk (in)
     1    0.03                           clk (net)
                  0.12    0.00    0.08 ^ clkbuf_0_clk/A (sky130_fd_sc_hd__clkbuf_16)
                  0.04    0.14    0.22 ^ clkbuf_0_clk/X (sky130_fd_sc_hd__clkbuf_16)
     2    0.02                           clknet_0_clk (net)
                  0.04    0.00    0.22 ^ clkbuf_1_0__f_clk/A (sky130_fd_sc_hd__clkbuf_16)
                  0.03    0.10    0.33 ^ clkbuf_1_0__f_clk/X (sky130_fd_sc_hd__clkbuf_16)
     2    0.01                           clknet_1_0__leaf_clk (net)
                  0.03    0.00    0.33 ^ _149_/CLK (sky130_fd_sc_hd__dfrtp_1)
                  0.06    0.31    0.64 ^ _149_/Q (sky130_fd_sc_hd__dfrtp_1)
     2    0.01                           alu.sel[1] (net)
                  0.06    0.00    0.64 ^ _087_/B (sky130_fd_sc_hd__and3b_1)
                  0.17    0.23    0.87 ^ _087_/X (sky130_fd_sc_hd__and3b_1)
     4    0.02                           _020_ (net)
                  0.17    0.00    0.87 ^ _140_/B1 (sky130_fd_sc_hd__a221o_4)
                  0.10    0.23    1.10 ^ _140_/X (sky130_fd_sc_hd__a221o_4)
     1    0.03                           net10 (net)
                  0.10    0.01    1.10 ^ output10/A (sky130_fd_sc_hd__clkbuf_4)
                  0.12    0.20    1.30 ^ output10/X (sky130_fd_sc_hd__clkbuf_4)
     1    0.04                           Carry (net)
                  0.12    0.00    1.30 ^ Carry (out)
                                  1.30   data arrival time

                          0.00    0.00   clock clk (rise edge)
                          0.00    0.00   clock network delay (propagated)
                          0.25    0.25   clock uncertainty
                          0.00    0.25   clock reconvergence pessimism
                         -2.00   -1.75   output external delay
                                 -1.75   data required time
-----------------------------------------------------------------------------
                                 -1.75   data required time
                                 -1.30   data arrival time
-----------------------------------------------------------------------------
                                  3.05   slack (MET)


Startpoint: _150_ (rising edge-triggered flip-flop clocked by clk)
Endpoint: Y[0] (output port clocked by clk)
Path Group: clk
Path Type: min

Fanout     Cap    Slew   Delay    Time   Description
-----------------------------------------------------------------------------
                          0.00    0.00   clock clk (rise edge)
                          0.00    0.00   clock source latency
                  0.12    0.08    0.08 ^ clk (in)
     1    0.03                           clk (net)
                  0.12    0.00    0.08 ^ clkbuf_0_clk/A (sky130_fd_sc_hd__clkbuf_16)
                  0.04    0.14    0.22 ^ clkbuf_0_clk/X (sky130_fd_sc_hd__clkbuf_16)
     2    0.02                           clknet_0_clk (net)
                  0.04    0.00    0.22 ^ clkbuf_1_1__f_clk/A (sky130_fd_sc_hd__clkbuf_16)
                  0.03    0.10    0.32 ^ clkbuf_1_1__f_clk/X (sky130_fd_sc_hd__clkbuf_16)
     1    0.00                           clknet_1_1__leaf_clk (net)
                  0.03    0.00    0.32 ^ _150_/CLK (sky130_fd_sc_hd__dfrtp_4)
                  0.12    0.43    0.75 ^ _150_/Q (sky130_fd_sc_hd__dfrtp_4)
    10    0.03                           alu.sel[2] (net)
                  0.12    0.00    0.75 ^ _074_/C (sky130_fd_sc_hd__and3_2)
                  0.11    0.24    0.99 ^ _074_/X (sky130_fd_sc_hd__and3_2)
     4    0.02                           _008_ (net)
                  0.11    0.00    0.99 ^ _082_/A2 (sky130_fd_sc_hd__a211o_2)
                  0.10    0.18    1.17 ^ _082_/X (sky130_fd_sc_hd__a211o_2)
     2    0.02                           net11 (net)
                  0.10    0.00    1.18 ^ output11/A (sky130_fd_sc_hd__clkbuf_4)
                  0.11    0.19    1.37 ^ output11/X (sky130_fd_sc_hd__clkbuf_4)
     1    0.03                           Y[0] (net)
                  0.11    0.00    1.37 ^ Y[0] (out)
                                  1.37   data arrival time

                          0.00    0.00   clock clk (rise edge)
                          0.00    0.00   clock network delay (propagated)
                          0.25    0.25   clock uncertainty
                          0.00    0.25   clock reconvergence pessimism
                         -2.00   -1.75   output external delay
                                 -1.75   data required time
-----------------------------------------------------------------------------
                                 -1.75   data required time
                                 -1.37   data arrival time
-----------------------------------------------------------------------------
                                  3.12   slack (MET)


Startpoint: _149_ (rising edge-triggered flip-flop clocked by clk)
Endpoint: Zero (output port clocked by clk)
Path Group: clk
Path Type: min

Fanout     Cap    Slew   Delay    Time   Description
-----------------------------------------------------------------------------
                          0.00    0.00   clock clk (rise edge)
                          0.00    0.00   clock source latency
                  0.12    0.08    0.08 ^ clk (in)
     1    0.03                           clk (net)
                  0.12    0.00    0.08 ^ clkbuf_0_clk/A (sky130_fd_sc_hd__clkbuf_16)
                  0.04    0.14    0.22 ^ clkbuf_0_clk/X (sky130_fd_sc_hd__clkbuf_16)
     2    0.02                           clknet_0_clk (net)
                  0.04    0.00    0.22 ^ clkbuf_1_0__f_clk/A (sky130_fd_sc_hd__clkbuf_16)
                  0.03    0.10    0.33 ^ clkbuf_1_0__f_clk/X (sky130_fd_sc_hd__clkbuf_16)
     2    0.01                           clknet_1_0__leaf_clk (net)
                  0.03    0.00    0.33 ^ _149_/CLK (sky130_fd_sc_hd__dfrtp_1)
                  0.06    0.31    0.64 ^ _149_/Q (sky130_fd_sc_hd__dfrtp_1)
     2    0.01                           alu.sel[1] (net)
                  0.06    0.00    0.64 ^ _087_/B (sky130_fd_sc_hd__and3b_1)
                  0.17    0.23    0.87 ^ _087_/X (sky130_fd_sc_hd__and3b_1)
     4    0.02                           _020_ (net)
                  0.17    0.00    0.87 ^ _131_/A2 (sky130_fd_sc_hd__a211o_1)
                  0.04    0.14    1.01 ^ _131_/X (sky130_fd_sc_hd__a211o_1)
     1    0.00                           _062_ (net)
                  0.04    0.00    1.01 ^ _132_/B1 (sky130_fd_sc_hd__a31o_1)
                  0.05    0.09    1.10 ^ _132_/X (sky130_fd_sc_hd__a31o_1)
     2    0.00                           _063_ (net)
                  0.05    0.00    1.10 ^ _136_/C (sky130_fd_sc_hd__nor4_1)
                  0.02    0.04    1.14 v _136_/Y (sky130_fd_sc_hd__nor4_1)
     1    0.00                           net15 (net)
                  0.02    0.00    1.14 v wire16/A (sky130_fd_sc_hd__buf_1)
                  0.02    0.07    1.21 v wire16/X (sky130_fd_sc_hd__buf_1)
     1    0.00                           net16 (net)
                  0.02    0.00    1.21 v output15/A (sky130_fd_sc_hd__clkbuf_4)
                  0.08    0.16    1.37 v output15/X (sky130_fd_sc_hd__clkbuf_4)
     1    0.03                           Zero (net)
                  0.08    0.00    1.37 v Zero (out)
                                  1.37   data arrival time

                          0.00    0.00   clock clk (rise edge)
                          0.00    0.00   clock network delay (propagated)
                          0.25    0.25   clock uncertainty
                          0.00    0.25   clock reconvergence pessimism
                         -2.00   -1.75   output external delay
                                 -1.75   data required time
-----------------------------------------------------------------------------
                                 -1.75   data required time
                                 -1.37   data arrival time
-----------------------------------------------------------------------------
                                  3.12   slack (MET)


Startpoint: _150_ (rising edge-triggered flip-flop clocked by clk)
Endpoint: Y[2] (output port clocked by clk)
Path Group: clk
Path Type: min

Fanout     Cap    Slew   Delay    Time   Description
-----------------------------------------------------------------------------
                          0.00    0.00   clock clk (rise edge)
                          0.00    0.00   clock source latency
                  0.12    0.08    0.08 ^ clk (in)
     1    0.03                           clk (net)
                  0.12    0.00    0.08 ^ clkbuf_0_clk/A (sky130_fd_sc_hd__clkbuf_16)
                  0.04    0.14    0.22 ^ clkbuf_0_clk/X (sky130_fd_sc_hd__clkbuf_16)
     2    0.02                           clknet_0_clk (net)
                  0.04    0.00    0.22 ^ clkbuf_1_1__f_clk/A (sky130_fd_sc_hd__clkbuf_16)
                  0.03    0.10    0.32 ^ clkbuf_1_1__f_clk/X (sky130_fd_sc_hd__clkbuf_16)
     1    0.00                           clknet_1_1__leaf_clk (net)
                  0.03    0.00    0.32 ^ _150_/CLK (sky130_fd_sc_hd__dfrtp_4)
                  0.12    0.43    0.75 ^ _150_/Q (sky130_fd_sc_hd__dfrtp_4)
    10    0.03                           alu.sel[2] (net)
                  0.12    0.00    0.75 ^ _096_/B (sky130_fd_sc_hd__or3b_2)
                  0.06    0.14    0.89 ^ _096_/X (sky130_fd_sc_hd__or3b_2)
     3    0.01                           _029_ (net)
                  0.06    0.00    0.89 ^ _107_/B1 (sky130_fd_sc_hd__a21oi_1)
                  0.04    0.05    0.94 v _107_/Y (sky130_fd_sc_hd__a21oi_1)
     1    0.01                           _039_ (net)
                  0.04    0.00    0.94 v _116_/A2 (sky130_fd_sc_hd__a21o_4)
                  0.08    0.24    1.18 v _116_/X (sky130_fd_sc_hd__a21o_4)
     2    0.04                           net13 (net)
                  0.08    0.01    1.19 v output13/A (sky130_fd_sc_hd__clkbuf_4)
                  0.09    0.19    1.39 v output13/X (sky130_fd_sc_hd__clkbuf_4)
     1    0.04                           Y[2] (net)
                  0.09    0.00    1.39 v Y[2] (out)
                                  1.39   data arrival time

                          0.00    0.00   clock clk (rise edge)
                          0.00    0.00   clock network delay (propagated)
                          0.25    0.25   clock uncertainty
                          0.00    0.25   clock reconvergence pessimism
                         -2.00   -1.75   output external delay
                                 -1.75   data required time
-----------------------------------------------------------------------------
                                 -1.75   data required time
                                 -1.39   data arrival time
-----------------------------------------------------------------------------
                                  3.14   slack (MET)


Startpoint: _150_ (rising edge-triggered flip-flop clocked by clk)
Endpoint: Y[1] (output port clocked by clk)
Path Group: clk
Path Type: min

Fanout     Cap    Slew   Delay    Time   Description
-----------------------------------------------------------------------------
                          0.00    0.00   clock clk (rise edge)
                          0.00    0.00   clock source latency
                  0.12    0.08    0.08 ^ clk (in)
     1    0.03                           clk (net)
                  0.12    0.00    0.08 ^ clkbuf_0_clk/A (sky130_fd_sc_hd__clkbuf_16)
                  0.04    0.14    0.22 ^ clkbuf_0_clk/X (sky130_fd_sc_hd__clkbuf_16)
     2    0.02                           clknet_0_clk (net)
                  0.04    0.00    0.22 ^ clkbuf_1_1__f_clk/A (sky130_fd_sc_hd__clkbuf_16)
                  0.03    0.10    0.32 ^ clkbuf_1_1__f_clk/X (sky130_fd_sc_hd__clkbuf_16)
     1    0.00                           clknet_1_1__leaf_clk (net)
                  0.03    0.00    0.32 ^ _150_/CLK (sky130_fd_sc_hd__dfrtp_4)
                  0.12    0.43    0.75 ^ _150_/Q (sky130_fd_sc_hd__dfrtp_4)
    10    0.03                           alu.sel[2] (net)
                  0.12    0.00    0.75 ^ _075_/B (sky130_fd_sc_hd__nand3b_2)
                  0.09    0.11    0.87 v _075_/Y (sky130_fd_sc_hd__nand3b_2)
     4    0.01                           _009_ (net)
                  0.09    0.00    0.87 v _089_/B (sky130_fd_sc_hd__nor2_1)
                  0.09    0.11    0.97 ^ _089_/Y (sky130_fd_sc_hd__nor2_1)
     1    0.00                           _022_ (net)
                  0.09    0.00    0.97 ^ _090_/C1 (sky130_fd_sc_hd__a211o_1)
                  0.04    0.09    1.07 ^ _090_/X (sky130_fd_sc_hd__a211o_1)
     1    0.00                           _023_ (net)
                  0.04    0.00    1.07 ^ _099_/B (sky130_fd_sc_hd__or4_1)
                  0.04    0.09    1.16 ^ _099_/X (sky130_fd_sc_hd__or4_1)
     1    0.00                           _032_ (net)
                  0.04    0.00    1.16 ^ _100_/A (sky130_fd_sc_hd__buf_1)
                  0.14    0.14    1.30 ^ _100_/X (sky130_fd_sc_hd__buf_1)
     2    0.01                           net12 (net)
                  0.14    0.00    1.30 ^ output12/A (sky130_fd_sc_hd__clkbuf_4)
                  0.11    0.21    1.51 ^ output12/X (sky130_fd_sc_hd__clkbuf_4)
     1    0.03                           Y[1] (net)
                  0.11    0.00    1.51 ^ Y[1] (out)
                                  1.51   data arrival time

                          0.00    0.00   clock clk (rise edge)
                          0.00    0.00   clock network delay (propagated)
                          0.25    0.25   clock uncertainty
                          0.00    0.25   clock reconvergence pessimism
                         -2.00   -1.75   output external delay
                                 -1.75   data required time
-----------------------------------------------------------------------------
                                 -1.75   data required time
                                 -1.51   data arrival time
-----------------------------------------------------------------------------
                                  3.26   slack (MET)


Startpoint: _149_ (rising edge-triggered flip-flop clocked by clk)
Endpoint: Y[3] (output port clocked by clk)
Path Group: clk
Path Type: min

Fanout     Cap    Slew   Delay    Time   Description
-----------------------------------------------------------------------------
                          0.00    0.00   clock clk (rise edge)
                          0.00    0.00   clock source latency
                  0.12    0.08    0.08 ^ clk (in)
     1    0.03                           clk (net)
                  0.12    0.00    0.08 ^ clkbuf_0_clk/A (sky130_fd_sc_hd__clkbuf_16)
                  0.04    0.14    0.22 ^ clkbuf_0_clk/X (sky130_fd_sc_hd__clkbuf_16)
     2    0.02                           clknet_0_clk (net)
                  0.04    0.00    0.22 ^ clkbuf_1_0__f_clk/A (sky130_fd_sc_hd__clkbuf_16)
                  0.03    0.10    0.33 ^ clkbuf_1_0__f_clk/X (sky130_fd_sc_hd__clkbuf_16)
     2    0.01                           clknet_1_0__leaf_clk (net)
                  0.03    0.00    0.33 ^ _149_/CLK (sky130_fd_sc_hd__dfrtp_1)
                  0.06    0.31    0.64 ^ _149_/Q (sky130_fd_sc_hd__dfrtp_1)
     2    0.01                           alu.sel[1] (net)
                  0.06    0.00    0.64 ^ _087_/B (sky130_fd_sc_hd__and3b_1)
                  0.17    0.23    0.87 ^ _087_/X (sky130_fd_sc_hd__and3b_1)
     4    0.02                           _020_ (net)
                  0.17    0.00    0.87 ^ _131_/A2 (sky130_fd_sc_hd__a211o_1)
                  0.04    0.14    1.01 ^ _131_/X (sky130_fd_sc_hd__a211o_1)
     1    0.00                           _062_ (net)
                  0.04    0.00    1.01 ^ _132_/B1 (sky130_fd_sc_hd__a31o_1)
                  0.05    0.09    1.10 ^ _132_/X (sky130_fd_sc_hd__a31o_1)
     2    0.00                           _063_ (net)
                  0.05    0.00    1.10 ^ _133_/B (sky130_fd_sc_hd__or2_2)
                  0.03    0.09    1.19 ^ _133_/X (sky130_fd_sc_hd__or2_2)
     1    0.00                           _064_ (net)
                  0.03    0.00    1.19 ^ _134_/A (sky130_fd_sc_hd__buf_1)
                  0.12    0.12    1.31 ^ _134_/X (sky130_fd_sc_hd__buf_1)
     1    0.01                           net14 (net)
                  0.12    0.00    1.31 ^ output14/A (sky130_fd_sc_hd__clkbuf_4)
                  0.12    0.21    1.52 ^ output14/X (sky130_fd_sc_hd__clkbuf_4)
     1    0.04                           Y[3] (net)
                  0.12    0.00    1.52 ^ Y[3] (out)
                                  1.52   data arrival time

                          0.00    0.00   clock clk (rise edge)
                          0.00    0.00   clock network delay (propagated)
                          0.25    0.25   clock uncertainty
                          0.00    0.25   clock reconvergence pessimism
                         -2.00   -1.75   output external delay
                                 -1.75   data required time
-----------------------------------------------------------------------------
                                 -1.75   data required time
                                 -1.52   data arrival time
-----------------------------------------------------------------------------
                                  3.27   slack (MET)



