
===========================================================================
report_checks -path_delay min (Hold)
============================================================================
======================= Typical Corner ===================================

Startpoint: _148_ (rising edge-triggered flip-flop clocked by clk)
Endpoint: _148_ (rising edge-triggered flip-flop clocked by clk)
Path Group: clk
Path Type: min

Fanout     Cap    Slew   Delay    Time   Description
-----------------------------------------------------------------------------
                          0.00    0.00   clock clk (rise edge)
                          0.00    0.00   clock source latency
                  0.04    0.03    0.03 ^ clk (in)
     1    0.01                           clk (net)
                  0.04    0.00    0.03 ^ clkbuf_0_clk/A (sky130_fd_sc_hd__clkbuf_16)
                  0.04    0.11    0.14 ^ clkbuf_0_clk/X (sky130_fd_sc_hd__clkbuf_16)
     2    0.02                           clknet_0_clk (net)
                  0.04    0.00    0.14 ^ clkbuf_1_0__f_clk/A (sky130_fd_sc_hd__clkbuf_16)
                  0.03    0.10    0.24 ^ clkbuf_1_0__f_clk/X (sky130_fd_sc_hd__clkbuf_16)
     2    0.00                           clknet_1_0__leaf_clk (net)
                  0.03    0.00    0.24 ^ _148_/CLK (sky130_fd_sc_hd__dfrtp_1)
                  0.07    0.32    0.56 ^ _148_/Q (sky130_fd_sc_hd__dfrtp_1)
     3    0.01                           alu.sel[0] (net)
                  0.07    0.00    0.56 ^ _071_/A (sky130_fd_sc_hd__clkbuf_4)
                  0.10    0.18    0.73 ^ _071_/X (sky130_fd_sc_hd__clkbuf_4)
    10    0.03                           _006_ (net)
                  0.10    0.00    0.73 ^ _072_/A (sky130_fd_sc_hd__inv_2)
                  0.02    0.03    0.76 v _072_/Y (sky130_fd_sc_hd__inv_2)
     1    0.00                           _000_ (net)
                  0.02    0.00    0.76 v _148_/D (sky130_fd_sc_hd__dfrtp_1)
                                  0.76   data arrival time

                          0.00    0.00   clock clk (rise edge)
                          0.00    0.00   clock source latency
                  0.04    0.03    0.03 ^ clk (in)
     1    0.01                           clk (net)
                  0.04    0.00    0.03 ^ clkbuf_0_clk/A (sky130_fd_sc_hd__clkbuf_16)
                  0.04    0.13    0.16 ^ clkbuf_0_clk/X (sky130_fd_sc_hd__clkbuf_16)
     2    0.02                           clknet_0_clk (net)
                  0.04    0.00    0.16 ^ clkbuf_1_0__f_clk/A (sky130_fd_sc_hd__clkbuf_16)
                  0.03    0.11    0.27 ^ clkbuf_1_0__f_clk/X (sky130_fd_sc_hd__clkbuf_16)
     2    0.00                           clknet_1_0__leaf_clk (net)
                  0.03    0.00    0.27 ^ _148_/CLK (sky130_fd_sc_hd__dfrtp_1)
                          0.25    0.52   clock uncertainty
                         -0.03    0.49   clock reconvergence pessimism
                         -0.04    0.45   library hold time
                                  0.45   data required time
-----------------------------------------------------------------------------
                                  0.45   data required time
                                 -0.76   data arrival time
-----------------------------------------------------------------------------
                                  0.31   slack (MET)


Startpoint: _149_ (rising edge-triggered flip-flop clocked by clk)
Endpoint: _149_ (rising edge-triggered flip-flop clocked by clk)
Path Group: clk
Path Type: min

Fanout     Cap    Slew   Delay    Time   Description
-----------------------------------------------------------------------------
                          0.00    0.00   clock clk (rise edge)
                          0.00    0.00   clock source latency
                  0.04    0.03    0.03 ^ clk (in)
     1    0.01                           clk (net)
                  0.04    0.00    0.03 ^ clkbuf_0_clk/A (sky130_fd_sc_hd__clkbuf_16)
                  0.04    0.11    0.14 ^ clkbuf_0_clk/X (sky130_fd_sc_hd__clkbuf_16)
     2    0.02                           clknet_0_clk (net)
                  0.04    0.00    0.14 ^ clkbuf_1_0__f_clk/A (sky130_fd_sc_hd__clkbuf_16)
                  0.03    0.10    0.24 ^ clkbuf_1_0__f_clk/X (sky130_fd_sc_hd__clkbuf_16)
     2    0.00                           clknet_1_0__leaf_clk (net)
                  0.03    0.00    0.24 ^ _149_/CLK (sky130_fd_sc_hd__dfrtp_1)
                  0.05    0.30    0.54 ^ _149_/Q (sky130_fd_sc_hd__dfrtp_1)
     2    0.00                           alu.sel[1] (net)
                  0.05    0.00    0.54 ^ _073_/A (sky130_fd_sc_hd__buf_2)
                  0.12    0.16    0.70 ^ _073_/X (sky130_fd_sc_hd__buf_2)
    10    0.02                           _007_ (net)
                  0.12    0.00    0.70 ^ _141_/B (sky130_fd_sc_hd__xor2_1)
                  0.03    0.07    0.77 v _141_/X (sky130_fd_sc_hd__xor2_1)
     1    0.00                           _001_ (net)
                  0.03    0.00    0.77 v _149_/D (sky130_fd_sc_hd__dfrtp_1)
                                  0.77   data arrival time

                          0.00    0.00   clock clk (rise edge)
                          0.00    0.00   clock source latency
                  0.04    0.03    0.03 ^ clk (in)
     1    0.01                           clk (net)
                  0.04    0.00    0.03 ^ clkbuf_0_clk/A (sky130_fd_sc_hd__clkbuf_16)
                  0.04    0.13    0.16 ^ clkbuf_0_clk/X (sky130_fd_sc_hd__clkbuf_16)
     2    0.02                           clknet_0_clk (net)
                  0.04    0.00    0.16 ^ clkbuf_1_0__f_clk/A (sky130_fd_sc_hd__clkbuf_16)
                  0.03    0.11    0.27 ^ clkbuf_1_0__f_clk/X (sky130_fd_sc_hd__clkbuf_16)
     2    0.00                           clknet_1_0__leaf_clk (net)
                  0.03    0.00    0.27 ^ _149_/CLK (sky130_fd_sc_hd__dfrtp_1)
                          0.25    0.52   clock uncertainty
                         -0.03    0.49   clock reconvergence pessimism
                         -0.04    0.45   library hold time
                                  0.45   data required time
-----------------------------------------------------------------------------
                                  0.45   data required time
                                 -0.77   data arrival time
-----------------------------------------------------------------------------
                                  0.32   slack (MET)


Startpoint: _150_ (rising edge-triggered flip-flop clocked by clk)
Endpoint: _150_ (rising edge-triggered flip-flop clocked by clk)
Path Group: clk
Path Type: min

Fanout     Cap    Slew   Delay    Time   Description
-----------------------------------------------------------------------------
                          0.00    0.00   clock clk (rise edge)
                          0.00    0.00   clock source latency
                  0.04    0.03    0.03 ^ clk (in)
     1    0.01                           clk (net)
                  0.04    0.00    0.03 ^ clkbuf_0_clk/A (sky130_fd_sc_hd__clkbuf_16)
                  0.04    0.11    0.14 ^ clkbuf_0_clk/X (sky130_fd_sc_hd__clkbuf_16)
     2    0.02                           clknet_0_clk (net)
                  0.04    0.00    0.14 ^ clkbuf_1_1__f_clk/A (sky130_fd_sc_hd__clkbuf_16)
                  0.03    0.10    0.24 ^ clkbuf_1_1__f_clk/X (sky130_fd_sc_hd__clkbuf_16)
     1    0.00                           clknet_1_1__leaf_clk (net)
                  0.03    0.00    0.24 ^ _150_/CLK (sky130_fd_sc_hd__dfrtp_4)
                  0.10    0.41    0.65 ^ _150_/Q (sky130_fd_sc_hd__dfrtp_4)
    10    0.02                           alu.sel[2] (net)
                  0.10    0.00    0.65 ^ _142_/B1_N (sky130_fd_sc_hd__a21boi_1)
                  0.07    0.14    0.79 ^ _142_/Y (sky130_fd_sc_hd__a21boi_1)
     1    0.00                           _069_ (net)
                  0.07    0.00    0.79 ^ _143_/B (sky130_fd_sc_hd__or2_1)
                  0.04    0.09    0.88 ^ _143_/X (sky130_fd_sc_hd__or2_1)
     1    0.00                           _070_ (net)
                  0.04    0.00    0.88 ^ _144_/A (sky130_fd_sc_hd__clkbuf_1)
                  0.04    0.07    0.94 ^ _144_/X (sky130_fd_sc_hd__clkbuf_1)
     1    0.00                           _002_ (net)
                  0.04    0.00    0.94 ^ _150_/D (sky130_fd_sc_hd__dfrtp_4)
                                  0.94   data arrival time

                          0.00    0.00   clock clk (rise edge)
                          0.00    0.00   clock source latency
                  0.04    0.03    0.03 ^ clk (in)
     1    0.01                           clk (net)
                  0.04    0.00    0.03 ^ clkbuf_0_clk/A (sky130_fd_sc_hd__clkbuf_16)
                  0.04    0.13    0.16 ^ clkbuf_0_clk/X (sky130_fd_sc_hd__clkbuf_16)
     2    0.02                           clknet_0_clk (net)
                  0.04    0.00    0.16 ^ clkbuf_1_1__f_clk/A (sky130_fd_sc_hd__clkbuf_16)
                  0.03    0.11    0.27 ^ clkbuf_1_1__f_clk/X (sky130_fd_sc_hd__clkbuf_16)
     1    0.00                           clknet_1_1__leaf_clk (net)
                  0.03    0.00    0.27 ^ _150_/CLK (sky130_fd_sc_hd__dfrtp_4)
                          0.25    0.52   clock uncertainty
                         -0.03    0.49   clock reconvergence pessimism
                         -0.04    0.45   library hold time
                                  0.45   data required time
-----------------------------------------------------------------------------
                                  0.45   data required time
                                 -0.94   data arrival time
-----------------------------------------------------------------------------
                                  0.49   slack (MET)


Startpoint: rst (input port clocked by clk)
Endpoint: _148_ (removal check against rising-edge clock clk)
Path Group: asynchronous
Path Type: min

Fanout     Cap    Slew   Delay    Time   Description
-----------------------------------------------------------------------------
                          0.00    0.00   clock clk (rise edge)
                          0.00    0.00   clock network delay (propagated)
                          2.00    2.00 v input external delay
                  0.01    0.00    2.00 v rst (in)
     1    0.00                           rst (net)
                  0.01    0.00    2.00 v input9/A (sky130_fd_sc_hd__clkbuf_4)
                  0.04    0.12    2.13 v input9/X (sky130_fd_sc_hd__clkbuf_4)
     3    0.01                           net9 (net)
                  0.04    0.00    2.13 v _145_/A (sky130_fd_sc_hd__inv_2)
                  0.03    0.04    2.17 ^ _145_/Y (sky130_fd_sc_hd__inv_2)
     1    0.00                           _003_ (net)
                  0.03    0.00    2.17 ^ _148_/RESET_B (sky130_fd_sc_hd__dfrtp_1)
                                  2.17   data arrival time

                          0.00    0.00   clock clk (rise edge)
                          0.00    0.00   clock source latency
                  0.04    0.03    0.03 ^ clk (in)
     1    0.01                           clk (net)
                  0.04    0.00    0.03 ^ clkbuf_0_clk/A (sky130_fd_sc_hd__clkbuf_16)
                  0.04    0.13    0.16 ^ clkbuf_0_clk/X (sky130_fd_sc_hd__clkbuf_16)
     2    0.02                           clknet_0_clk (net)
                  0.04    0.00    0.16 ^ clkbuf_1_0__f_clk/A (sky130_fd_sc_hd__clkbuf_16)
                  0.03    0.11    0.27 ^ clkbuf_1_0__f_clk/X (sky130_fd_sc_hd__clkbuf_16)
     2    0.00                           clknet_1_0__leaf_clk (net)
                  0.03    0.00    0.27 ^ _148_/CLK (sky130_fd_sc_hd__dfrtp_1)
                          0.25    0.52   clock uncertainty
                          0.00    0.52   clock reconvergence pessimism
                          0.31    0.83   library removal time
                                  0.83   data required time
-----------------------------------------------------------------------------
                                  0.83   data required time
                                 -2.17   data arrival time
-----------------------------------------------------------------------------
                                  1.34   slack (MET)


Startpoint: rst (input port clocked by clk)
Endpoint: _149_ (removal check against rising-edge clock clk)
Path Group: asynchronous
Path Type: min

Fanout     Cap    Slew   Delay    Time   Description
-----------------------------------------------------------------------------
                          0.00    0.00   clock clk (rise edge)
                          0.00    0.00   clock network delay (propagated)
                          2.00    2.00 v input external delay
                  0.01    0.00    2.00 v rst (in)
     1    0.00                           rst (net)
                  0.01    0.00    2.00 v input9/A (sky130_fd_sc_hd__clkbuf_4)
                  0.04    0.12    2.13 v input9/X (sky130_fd_sc_hd__clkbuf_4)
     3    0.01                           net9 (net)
                  0.04    0.00    2.13 v _146_/A (sky130_fd_sc_hd__inv_2)
                  0.03    0.04    2.17 ^ _146_/Y (sky130_fd_sc_hd__inv_2)
     1    0.00                           _004_ (net)
                  0.03    0.00    2.17 ^ _149_/RESET_B (sky130_fd_sc_hd__dfrtp_1)
                                  2.17   data arrival time

                          0.00    0.00   clock clk (rise edge)
                          0.00    0.00   clock source latency
                  0.04    0.03    0.03 ^ clk (in)
     1    0.01                           clk (net)
                  0.04    0.00    0.03 ^ clkbuf_0_clk/A (sky130_fd_sc_hd__clkbuf_16)
                  0.04    0.13    0.16 ^ clkbuf_0_clk/X (sky130_fd_sc_hd__clkbuf_16)
     2    0.02                           clknet_0_clk (net)
                  0.04    0.00    0.16 ^ clkbuf_1_0__f_clk/A (sky130_fd_sc_hd__clkbuf_16)
                  0.03    0.11    0.27 ^ clkbuf_1_0__f_clk/X (sky130_fd_sc_hd__clkbuf_16)
     2    0.00                           clknet_1_0__leaf_clk (net)
                  0.03    0.00    0.27 ^ _149_/CLK (sky130_fd_sc_hd__dfrtp_1)
                          0.25    0.52   clock uncertainty
                          0.00    0.52   clock reconvergence pessimism
                          0.31    0.83   library removal time
                                  0.83   data required time
-----------------------------------------------------------------------------
                                  0.83   data required time
                                 -2.17   data arrival time
-----------------------------------------------------------------------------
                                  1.34   slack (MET)


Startpoint: rst (input port clocked by clk)
Endpoint: _150_ (removal check against rising-edge clock clk)
Path Group: asynchronous
Path Type: min

Fanout     Cap    Slew   Delay    Time   Description
-----------------------------------------------------------------------------
                          0.00    0.00   clock clk (rise edge)
                          0.00    0.00   clock network delay (propagated)
                          2.00    2.00 v input external delay
                  0.01    0.00    2.00 v rst (in)
     1    0.00                           rst (net)
                  0.01    0.00    2.00 v input9/A (sky130_fd_sc_hd__clkbuf_4)
                  0.04    0.12    2.13 v input9/X (sky130_fd_sc_hd__clkbuf_4)
     3    0.01                           net9 (net)
                  0.04    0.00    2.13 v _147_/A (sky130_fd_sc_hd__inv_2)
                  0.03    0.04    2.17 ^ _147_/Y (sky130_fd_sc_hd__inv_2)
     1    0.00                           _005_ (net)
                  0.03    0.00    2.17 ^ _150_/RESET_B (sky130_fd_sc_hd__dfrtp_4)
                                  2.17   data arrival time

                          0.00    0.00   clock clk (rise edge)
                          0.00    0.00   clock source latency
                  0.04    0.03    0.03 ^ clk (in)
     1    0.01                           clk (net)
                  0.04    0.00    0.03 ^ clkbuf_0_clk/A (sky130_fd_sc_hd__clkbuf_16)
                  0.04    0.13    0.16 ^ clkbuf_0_clk/X (sky130_fd_sc_hd__clkbuf_16)
     2    0.02                           clknet_0_clk (net)
                  0.04    0.00    0.16 ^ clkbuf_1_1__f_clk/A (sky130_fd_sc_hd__clkbuf_16)
                  0.03    0.11    0.27 ^ clkbuf_1_1__f_clk/X (sky130_fd_sc_hd__clkbuf_16)
     1    0.00                           clknet_1_1__leaf_clk (net)
                  0.03    0.00    0.27 ^ _150_/CLK (sky130_fd_sc_hd__dfrtp_4)
                          0.25    0.52   clock uncertainty
                          0.00    0.52   clock reconvergence pessimism
                          0.31    0.83   library removal time
                                  0.83   data required time
-----------------------------------------------------------------------------
                                  0.83   data required time
                                 -2.17   data arrival time
-----------------------------------------------------------------------------
                                  1.34   slack (MET)


Startpoint: _149_ (rising edge-triggered flip-flop clocked by clk)
Endpoint: Carry (output port clocked by clk)
Path Group: clk
Path Type: min

Fanout     Cap    Slew   Delay    Time   Description
-----------------------------------------------------------------------------
                          0.00    0.00   clock clk (rise edge)
                          0.00    0.00   clock source latency
                  0.04    0.03    0.03 ^ clk (in)
     1    0.01                           clk (net)
                  0.04    0.00    0.03 ^ clkbuf_0_clk/A (sky130_fd_sc_hd__clkbuf_16)
                  0.04    0.11    0.14 ^ clkbuf_0_clk/X (sky130_fd_sc_hd__clkbuf_16)
     2    0.02                           clknet_0_clk (net)
                  0.04    0.00    0.14 ^ clkbuf_1_0__f_clk/A (sky130_fd_sc_hd__clkbuf_16)
                  0.03    0.10    0.24 ^ clkbuf_1_0__f_clk/X (sky130_fd_sc_hd__clkbuf_16)
     2    0.00                           clknet_1_0__leaf_clk (net)
                  0.03    0.00    0.24 ^ _149_/CLK (sky130_fd_sc_hd__dfrtp_1)
                  0.05    0.30    0.54 ^ _149_/Q (sky130_fd_sc_hd__dfrtp_1)
     2    0.00                           alu.sel[1] (net)
                  0.05    0.00    0.54 ^ _087_/B (sky130_fd_sc_hd__and3b_1)
                  0.13    0.20    0.74 ^ _087_/X (sky130_fd_sc_hd__and3b_1)
     4    0.01                           _020_ (net)
                  0.13    0.00    0.74 ^ _140_/B1 (sky130_fd_sc_hd__a221o_4)
                  0.03    0.15    0.89 ^ _140_/X (sky130_fd_sc_hd__a221o_4)
     1    0.00                           net10 (net)
                  0.03    0.00    0.89 ^ output10/A (sky130_fd_sc_hd__clkbuf_4)
                  0.11    0.17    1.06 ^ output10/X (sky130_fd_sc_hd__clkbuf_4)
     1    0.03                           Carry (net)
                  0.11    0.00    1.06 ^ Carry (out)
                                  1.06   data arrival time

                          0.00    0.00   clock clk (rise edge)
                          0.00    0.00   clock network delay (propagated)
                          0.25    0.25   clock uncertainty
                          0.00    0.25   clock reconvergence pessimism
                         -2.00   -1.75   output external delay
                                 -1.75   data required time
-----------------------------------------------------------------------------
                                 -1.75   data required time
                                 -1.06   data arrival time
-----------------------------------------------------------------------------
                                  2.81   slack (MET)


Startpoint: _150_ (rising edge-triggered flip-flop clocked by clk)
Endpoint: Y[0] (output port clocked by clk)
Path Group: clk
Path Type: min

Fanout     Cap    Slew   Delay    Time   Description
-----------------------------------------------------------------------------
                          0.00    0.00   clock clk (rise edge)
                          0.00    0.00   clock source latency
                  0.04    0.03    0.03 ^ clk (in)
     1    0.01                           clk (net)
                  0.04    0.00    0.03 ^ clkbuf_0_clk/A (sky130_fd_sc_hd__clkbuf_16)
                  0.04    0.11    0.14 ^ clkbuf_0_clk/X (sky130_fd_sc_hd__clkbuf_16)
     2    0.02                           clknet_0_clk (net)
                  0.04    0.00    0.14 ^ clkbuf_1_1__f_clk/A (sky130_fd_sc_hd__clkbuf_16)
                  0.03    0.10    0.24 ^ clkbuf_1_1__f_clk/X (sky130_fd_sc_hd__clkbuf_16)
     1    0.00                           clknet_1_1__leaf_clk (net)
                  0.03    0.00    0.24 ^ _150_/CLK (sky130_fd_sc_hd__dfrtp_4)
                  0.10    0.41    0.65 ^ _150_/Q (sky130_fd_sc_hd__dfrtp_4)
    10    0.02                           alu.sel[2] (net)
                  0.10    0.00    0.65 ^ _074_/C (sky130_fd_sc_hd__and3_2)
                  0.09    0.21    0.87 ^ _074_/X (sky130_fd_sc_hd__and3_2)
     4    0.01                           _008_ (net)
                  0.09    0.00    0.87 ^ _082_/A2 (sky130_fd_sc_hd__a211o_2)
                  0.03    0.12    0.99 ^ _082_/X (sky130_fd_sc_hd__a211o_2)
     2    0.00                           net11 (net)
                  0.03    0.00    0.99 ^ output11/A (sky130_fd_sc_hd__clkbuf_4)
                  0.11    0.17    1.16 ^ output11/X (sky130_fd_sc_hd__clkbuf_4)
     1    0.03                           Y[0] (net)
                  0.11    0.00    1.16 ^ Y[0] (out)
                                  1.16   data arrival time

                          0.00    0.00   clock clk (rise edge)
                          0.00    0.00   clock network delay (propagated)
                          0.25    0.25   clock uncertainty
                          0.00    0.25   clock reconvergence pessimism
                         -2.00   -1.75   output external delay
                                 -1.75   data required time
-----------------------------------------------------------------------------
                                 -1.75   data required time
                                 -1.16   data arrival time
-----------------------------------------------------------------------------
                                  2.91   slack (MET)


Startpoint: _150_ (rising edge-triggered flip-flop clocked by clk)
Endpoint: Y[2] (output port clocked by clk)
Path Group: clk
Path Type: min

Fanout     Cap    Slew   Delay    Time   Description
-----------------------------------------------------------------------------
                          0.00    0.00   clock clk (rise edge)
                          0.00    0.00   clock source latency
                  0.04    0.03    0.03 ^ clk (in)
     1    0.01                           clk (net)
                  0.04    0.00    0.03 ^ clkbuf_0_clk/A (sky130_fd_sc_hd__clkbuf_16)
                  0.04    0.11    0.14 ^ clkbuf_0_clk/X (sky130_fd_sc_hd__clkbuf_16)
     2    0.02                           clknet_0_clk (net)
                  0.04    0.00    0.14 ^ clkbuf_1_1__f_clk/A (sky130_fd_sc_hd__clkbuf_16)
                  0.03    0.10    0.24 ^ clkbuf_1_1__f_clk/X (sky130_fd_sc_hd__clkbuf_16)
     1    0.00                           clknet_1_1__leaf_clk (net)
                  0.03    0.00    0.24 ^ _150_/CLK (sky130_fd_sc_hd__dfrtp_4)
                  0.10    0.41    0.65 ^ _150_/Q (sky130_fd_sc_hd__dfrtp_4)
    10    0.02                           alu.sel[2] (net)
                  0.10    0.00    0.65 ^ _096_/B (sky130_fd_sc_hd__or3b_2)
                  0.06    0.13    0.79 ^ _096_/X (sky130_fd_sc_hd__or3b_2)
     3    0.01                           _029_ (net)
                  0.06    0.00    0.79 ^ _107_/B1 (sky130_fd_sc_hd__a21oi_1)
                  0.04    0.04    0.83 v _107_/Y (sky130_fd_sc_hd__a21oi_1)
     1    0.00                           _039_ (net)
                  0.04    0.00    0.83 v _116_/A2 (sky130_fd_sc_hd__a21o_4)
                  0.03    0.19    1.02 v _116_/X (sky130_fd_sc_hd__a21o_4)
     2    0.00                           net13 (net)
                  0.03    0.00    1.02 v output13/A (sky130_fd_sc_hd__clkbuf_4)
                  0.08    0.17    1.19 v output13/X (sky130_fd_sc_hd__clkbuf_4)
     1    0.03                           Y[2] (net)
                  0.08    0.00    1.19 v Y[2] (out)
                                  1.19   data arrival time

                          0.00    0.00   clock clk (rise edge)
                          0.00    0.00   clock network delay (propagated)
                          0.25    0.25   clock uncertainty
                          0.00    0.25   clock reconvergence pessimism
                         -2.00   -1.75   output external delay
                                 -1.75   data required time
-----------------------------------------------------------------------------
                                 -1.75   data required time
                                 -1.19   data arrival time
-----------------------------------------------------------------------------
                                  2.94   slack (MET)


Startpoint: _149_ (rising edge-triggered flip-flop clocked by clk)
Endpoint: Zero (output port clocked by clk)
Path Group: clk
Path Type: min

Fanout     Cap    Slew   Delay    Time   Description
-----------------------------------------------------------------------------
                          0.00    0.00   clock clk (rise edge)
                          0.00    0.00   clock source latency
                  0.04    0.03    0.03 ^ clk (in)
     1    0.01                           clk (net)
                  0.04    0.00    0.03 ^ clkbuf_0_clk/A (sky130_fd_sc_hd__clkbuf_16)
                  0.04    0.11    0.14 ^ clkbuf_0_clk/X (sky130_fd_sc_hd__clkbuf_16)
     2    0.02                           clknet_0_clk (net)
                  0.04    0.00    0.14 ^ clkbuf_1_0__f_clk/A (sky130_fd_sc_hd__clkbuf_16)
                  0.03    0.10    0.24 ^ clkbuf_1_0__f_clk/X (sky130_fd_sc_hd__clkbuf_16)
     2    0.00                           clknet_1_0__leaf_clk (net)
                  0.03    0.00    0.24 ^ _149_/CLK (sky130_fd_sc_hd__dfrtp_1)
                  0.05    0.30    0.54 ^ _149_/Q (sky130_fd_sc_hd__dfrtp_1)
     2    0.00                           alu.sel[1] (net)
                  0.05    0.00    0.54 ^ _087_/B (sky130_fd_sc_hd__and3b_1)
                  0.13    0.20    0.74 ^ _087_/X (sky130_fd_sc_hd__and3b_1)
     4    0.01                           _020_ (net)
                  0.13    0.00    0.74 ^ _131_/A2 (sky130_fd_sc_hd__a211o_1)
                  0.04    0.13    0.87 ^ _131_/X (sky130_fd_sc_hd__a211o_1)
     1    0.00                           _062_ (net)
                  0.04    0.00    0.87 ^ _132_/B1 (sky130_fd_sc_hd__a31o_1)
                  0.05    0.09    0.96 ^ _132_/X (sky130_fd_sc_hd__a31o_1)
     2    0.00                           _063_ (net)
                  0.05    0.00    0.96 ^ _136_/C (sky130_fd_sc_hd__nor4_1)
                  0.02    0.04    1.00 v _136_/Y (sky130_fd_sc_hd__nor4_1)
     1    0.00                           net15 (net)
                  0.02    0.00    1.00 v wire16/A (sky130_fd_sc_hd__buf_1)
                  0.02    0.07    1.07 v wire16/X (sky130_fd_sc_hd__buf_1)
     1    0.00                           net16 (net)
                  0.02    0.00    1.07 v output15/A (sky130_fd_sc_hd__clkbuf_4)
                  0.08    0.16    1.23 v output15/X (sky130_fd_sc_hd__clkbuf_4)
     1    0.03                           Zero (net)
                  0.08    0.00    1.23 v Zero (out)
                                  1.23   data arrival time

                          0.00    0.00   clock clk (rise edge)
                          0.00    0.00   clock network delay (propagated)
                          0.25    0.25   clock uncertainty
                          0.00    0.25   clock reconvergence pessimism
                         -2.00   -1.75   output external delay
                                 -1.75   data required time
-----------------------------------------------------------------------------
                                 -1.75   data required time
                                 -1.23   data arrival time
-----------------------------------------------------------------------------
                                  2.98   slack (MET)


Startpoint: _150_ (rising edge-triggered flip-flop clocked by clk)
Endpoint: Y[1] (output port clocked by clk)
Path Group: clk
Path Type: min

Fanout     Cap    Slew   Delay    Time   Description
-----------------------------------------------------------------------------
                          0.00    0.00   clock clk (rise edge)
                          0.00    0.00   clock source latency
                  0.04    0.03    0.03 ^ clk (in)
     1    0.01                           clk (net)
                  0.04    0.00    0.03 ^ clkbuf_0_clk/A (sky130_fd_sc_hd__clkbuf_16)
                  0.04    0.11    0.14 ^ clkbuf_0_clk/X (sky130_fd_sc_hd__clkbuf_16)
     2    0.02                           clknet_0_clk (net)
                  0.04    0.00    0.14 ^ clkbuf_1_1__f_clk/A (sky130_fd_sc_hd__clkbuf_16)
                  0.03    0.10    0.24 ^ clkbuf_1_1__f_clk/X (sky130_fd_sc_hd__clkbuf_16)
     1    0.00                           clknet_1_1__leaf_clk (net)
                  0.03    0.00    0.24 ^ _150_/CLK (sky130_fd_sc_hd__dfrtp_4)
                  0.10    0.41    0.65 ^ _150_/Q (sky130_fd_sc_hd__dfrtp_4)
    10    0.02                           alu.sel[2] (net)
                  0.10    0.00    0.65 ^ _075_/B (sky130_fd_sc_hd__nand3b_2)
                  0.07    0.09    0.75 v _075_/Y (sky130_fd_sc_hd__nand3b_2)
     4    0.01                           _009_ (net)
                  0.07    0.00    0.75 v _089_/B (sky130_fd_sc_hd__nor2_1)
                  0.07    0.08    0.83 ^ _089_/Y (sky130_fd_sc_hd__nor2_1)
     1    0.00                           _022_ (net)
                  0.07    0.00    0.83 ^ _090_/C1 (sky130_fd_sc_hd__a211o_1)
                  0.03    0.08    0.92 ^ _090_/X (sky130_fd_sc_hd__a211o_1)
     1    0.00                           _023_ (net)
                  0.03    0.00    0.92 ^ _099_/B (sky130_fd_sc_hd__or4_1)
                  0.03    0.08    1.00 ^ _099_/X (sky130_fd_sc_hd__or4_1)
     1    0.00                           _032_ (net)
                  0.03    0.00    1.00 ^ _100_/A (sky130_fd_sc_hd__buf_1)
                  0.06    0.08    1.08 ^ _100_/X (sky130_fd_sc_hd__buf_1)
     2    0.00                           net12 (net)
                  0.06    0.00    1.08 ^ output12/A (sky130_fd_sc_hd__clkbuf_4)
                  0.11    0.18    1.26 ^ output12/X (sky130_fd_sc_hd__clkbuf_4)
     1    0.03                           Y[1] (net)
                  0.11    0.00    1.26 ^ Y[1] (out)
                                  1.26   data arrival time

                          0.00    0.00   clock clk (rise edge)
                          0.00    0.00   clock network delay (propagated)
                          0.25    0.25   clock uncertainty
                          0.00    0.25   clock reconvergence pessimism
                         -2.00   -1.75   output external delay
                                 -1.75   data required time
-----------------------------------------------------------------------------
                                 -1.75   data required time
                                 -1.26   data arrival time
-----------------------------------------------------------------------------
                                  3.01   slack (MET)


Startpoint: _149_ (rising edge-triggered flip-flop clocked by clk)
Endpoint: Y[3] (output port clocked by clk)
Path Group: clk
Path Type: min

Fanout     Cap    Slew   Delay    Time   Description
-----------------------------------------------------------------------------
                          0.00    0.00   clock clk (rise edge)
                          0.00    0.00   clock source latency
                  0.04    0.03    0.03 ^ clk (in)
     1    0.01                           clk (net)
                  0.04    0.00    0.03 ^ clkbuf_0_clk/A (sky130_fd_sc_hd__clkbuf_16)
                  0.04    0.11    0.14 ^ clkbuf_0_clk/X (sky130_fd_sc_hd__clkbuf_16)
     2    0.02                           clknet_0_clk (net)
                  0.04    0.00    0.14 ^ clkbuf_1_0__f_clk/A (sky130_fd_sc_hd__clkbuf_16)
                  0.03    0.10    0.24 ^ clkbuf_1_0__f_clk/X (sky130_fd_sc_hd__clkbuf_16)
     2    0.00                           clknet_1_0__leaf_clk (net)
                  0.03    0.00    0.24 ^ _149_/CLK (sky130_fd_sc_hd__dfrtp_1)
                  0.05    0.30    0.54 ^ _149_/Q (sky130_fd_sc_hd__dfrtp_1)
     2    0.00                           alu.sel[1] (net)
                  0.05    0.00    0.54 ^ _087_/B (sky130_fd_sc_hd__and3b_1)
                  0.13    0.20    0.74 ^ _087_/X (sky130_fd_sc_hd__and3b_1)
     4    0.01                           _020_ (net)
                  0.13    0.00    0.74 ^ _131_/A2 (sky130_fd_sc_hd__a211o_1)
                  0.04    0.13    0.87 ^ _131_/X (sky130_fd_sc_hd__a211o_1)
     1    0.00                           _062_ (net)
                  0.04    0.00    0.87 ^ _132_/B1 (sky130_fd_sc_hd__a31o_1)
                  0.05    0.09    0.96 ^ _132_/X (sky130_fd_sc_hd__a31o_1)
     2    0.00                           _063_ (net)
                  0.05    0.00    0.96 ^ _133_/B (sky130_fd_sc_hd__or2_2)
                  0.03    0.09    1.04 ^ _133_/X (sky130_fd_sc_hd__or2_2)
     1    0.00                           _064_ (net)
                  0.03    0.00    1.04 ^ _134_/A (sky130_fd_sc_hd__buf_1)
                  0.04    0.07    1.11 ^ _134_/X (sky130_fd_sc_hd__buf_1)
     1    0.00                           net14 (net)
                  0.04    0.00    1.11 ^ output14/A (sky130_fd_sc_hd__clkbuf_4)
                  0.11    0.17    1.28 ^ output14/X (sky130_fd_sc_hd__clkbuf_4)
     1    0.03                           Y[3] (net)
                  0.11    0.00    1.28 ^ Y[3] (out)
                                  1.28   data arrival time

                          0.00    0.00   clock clk (rise edge)
                          0.00    0.00   clock network delay (propagated)
                          0.25    0.25   clock uncertainty
                          0.00    0.25   clock reconvergence pessimism
                         -2.00   -1.75   output external delay
                                 -1.75   data required time
-----------------------------------------------------------------------------
                                 -1.75   data required time
                                 -1.28   data arrival time
-----------------------------------------------------------------------------
                                  3.03   slack (MET)



