
===========================================================================
report_checks -path_delay max (Setup)
============================================================================
======================= Typical Corner ===================================

Startpoint: B[1] (input port clocked by clk)
Endpoint: Zero (output port clocked by clk)
Path Group: clk
Path Type: max

Fanout     Cap    Slew   Delay    Time   Description
-----------------------------------------------------------------------------
                          0.00    0.00   clock clk (rise edge)
                          0.00    0.00   clock network delay (propagated)
                          2.00    2.00 v input external delay
                  0.01    0.00    2.00 v B[1] (in)
     1    0.00                           B[1] (net)
                  0.01    0.00    2.00 v input6/A (sky130_fd_sc_hd__clkbuf_4)
                  0.04    0.14    2.14 v input6/X (sky130_fd_sc_hd__clkbuf_4)
     4    0.01                           net6 (net)
                  0.04    0.00    2.14 v _083_/B (sky130_fd_sc_hd__and2_1)
                  0.05    0.18    2.32 v _083_/X (sky130_fd_sc_hd__and2_1)
     3    0.01                           _016_ (net)
                  0.05    0.00    2.32 v _088_/A2 (sky130_fd_sc_hd__a22o_1)
                  0.04    0.23    2.55 v _088_/X (sky130_fd_sc_hd__a22o_1)
     1    0.00                           _021_ (net)
                  0.04    0.00    2.55 v _090_/B1 (sky130_fd_sc_hd__a211o_1)
                  0.04    0.26    2.81 v _090_/X (sky130_fd_sc_hd__a211o_1)
     1    0.00                           _023_ (net)
                  0.04    0.00    2.81 v _099_/B (sky130_fd_sc_hd__or4_1)
                  0.08    0.51    3.32 v _099_/X (sky130_fd_sc_hd__or4_1)
     1    0.00                           _032_ (net)
                  0.08    0.00    3.32 v _100_/A (sky130_fd_sc_hd__buf_1)
                  0.03    0.11    3.43 v _100_/X (sky130_fd_sc_hd__buf_1)
     2    0.00                           net12 (net)
                  0.03    0.00    3.43 v _135_/B (sky130_fd_sc_hd__or2_1)
                  0.05    0.20    3.63 v _135_/X (sky130_fd_sc_hd__or2_1)
     1    0.00                           _065_ (net)
                  0.05    0.00    3.63 v _136_/D (sky130_fd_sc_hd__nor4_1)
                  0.20    0.15    3.78 ^ _136_/Y (sky130_fd_sc_hd__nor4_1)
     1    0.00                           net15 (net)
                  0.20    0.00    3.78 ^ wire16/A (sky130_fd_sc_hd__buf_1)
                  0.04    0.11    3.89 ^ wire16/X (sky130_fd_sc_hd__buf_1)
     1    0.00                           net16 (net)
                  0.04    0.00    3.89 ^ output15/A (sky130_fd_sc_hd__clkbuf_4)
                  0.11    0.19    4.09 ^ output15/X (sky130_fd_sc_hd__clkbuf_4)
     1    0.03                           Zero (net)
                  0.11    0.00    4.09 ^ Zero (out)
                                  4.09   data arrival time

                         10.00   10.00   clock clk (rise edge)
                          0.00   10.00   clock network delay (propagated)
                         -0.25    9.75   clock uncertainty
                          0.00    9.75   clock reconvergence pessimism
                         -2.00    7.75   output external delay
                                  7.75   data required time
-----------------------------------------------------------------------------
                                  7.75   data required time
                                 -4.09   data arrival time
-----------------------------------------------------------------------------
                                  3.66   slack (MET)


Startpoint: A[3] (input port clocked by clk)
Endpoint: Y[3] (output port clocked by clk)
Path Group: clk
Path Type: max

Fanout     Cap    Slew   Delay    Time   Description
-----------------------------------------------------------------------------
                          0.00    0.00   clock clk (rise edge)
                          0.00    0.00   clock network delay (propagated)
                          2.00    2.00 v input external delay
                  0.01    0.00    2.00 v A[3] (in)
     1    0.00                           A[3] (net)
                  0.01    0.00    2.00 v input4/A (sky130_fd_sc_hd__buf_4)
                  0.04    0.14    2.14 v input4/X (sky130_fd_sc_hd__buf_4)
     7    0.02                           net4 (net)
                  0.04    0.00    2.14 v _118_/A (sky130_fd_sc_hd__or2_1)
                  0.06    0.25    2.39 v _118_/X (sky130_fd_sc_hd__or2_1)
     3    0.01                           _049_ (net)
                  0.06    0.00    2.39 v _119_/B (sky130_fd_sc_hd__nand2_1)
                  0.11    0.12    2.51 ^ _119_/Y (sky130_fd_sc_hd__nand2_1)
     5    0.01                           _050_ (net)
                  0.11    0.00    2.51 ^ _130_/A2_N (sky130_fd_sc_hd__a2bb2o_1)
                  0.05    0.29    2.81 v _130_/X (sky130_fd_sc_hd__a2bb2o_1)
     1    0.00                           _061_ (net)
                  0.05    0.00    2.81 v _131_/C1 (sky130_fd_sc_hd__a211o_1)
                  0.04    0.23    3.03 v _131_/X (sky130_fd_sc_hd__a211o_1)
     1    0.00                           _062_ (net)
                  0.04    0.00    3.03 v _132_/B1 (sky130_fd_sc_hd__a31o_1)
                  0.04    0.19    3.23 v _132_/X (sky130_fd_sc_hd__a31o_1)
     2    0.00                           _063_ (net)
                  0.04    0.00    3.23 v _133_/B (sky130_fd_sc_hd__or2_2)
                  0.05    0.27    3.50 v _133_/X (sky130_fd_sc_hd__or2_2)
     1    0.00                           _064_ (net)
                  0.05    0.00    3.50 v _134_/A (sky130_fd_sc_hd__buf_1)
                  0.02    0.09    3.59 v _134_/X (sky130_fd_sc_hd__buf_1)
     1    0.00                           net14 (net)
                  0.02    0.00    3.59 v output14/A (sky130_fd_sc_hd__clkbuf_4)
                  0.08    0.18    3.77 v output14/X (sky130_fd_sc_hd__clkbuf_4)
     1    0.03                           Y[3] (net)
                  0.08    0.00    3.77 v Y[3] (out)
                                  3.77   data arrival time

                         10.00   10.00   clock clk (rise edge)
                          0.00   10.00   clock network delay (propagated)
                         -0.25    9.75   clock uncertainty
                          0.00    9.75   clock reconvergence pessimism
                         -2.00    7.75   output external delay
                                  7.75   data required time
-----------------------------------------------------------------------------
                                  7.75   data required time
                                 -3.77   data arrival time
-----------------------------------------------------------------------------
                                  3.98   slack (MET)


Startpoint: B[1] (input port clocked by clk)
Endpoint: Y[1] (output port clocked by clk)
Path Group: clk
Path Type: max

Fanout     Cap    Slew   Delay    Time   Description
-----------------------------------------------------------------------------
                          0.00    0.00   clock clk (rise edge)
                          0.00    0.00   clock network delay (propagated)
                          2.00    2.00 v input external delay
                  0.01    0.00    2.00 v B[1] (in)
     1    0.00                           B[1] (net)
                  0.01    0.00    2.00 v input6/A (sky130_fd_sc_hd__clkbuf_4)
                  0.04    0.14    2.14 v input6/X (sky130_fd_sc_hd__clkbuf_4)
     4    0.01                           net6 (net)
                  0.04    0.00    2.14 v _083_/B (sky130_fd_sc_hd__and2_1)
                  0.05    0.18    2.32 v _083_/X (sky130_fd_sc_hd__and2_1)
     3    0.01                           _016_ (net)
                  0.05    0.00    2.32 v _088_/A2 (sky130_fd_sc_hd__a22o_1)
                  0.04    0.23    2.55 v _088_/X (sky130_fd_sc_hd__a22o_1)
     1    0.00                           _021_ (net)
                  0.04    0.00    2.55 v _090_/B1 (sky130_fd_sc_hd__a211o_1)
                  0.04    0.26    2.81 v _090_/X (sky130_fd_sc_hd__a211o_1)
     1    0.00                           _023_ (net)
                  0.04    0.00    2.81 v _099_/B (sky130_fd_sc_hd__or4_1)
                  0.08    0.51    3.32 v _099_/X (sky130_fd_sc_hd__or4_1)
     1    0.00                           _032_ (net)
                  0.08    0.00    3.32 v _100_/A (sky130_fd_sc_hd__buf_1)
                  0.03    0.11    3.43 v _100_/X (sky130_fd_sc_hd__buf_1)
     2    0.00                           net12 (net)
                  0.03    0.00    3.43 v output12/A (sky130_fd_sc_hd__clkbuf_4)
                  0.08    0.18    3.61 v output12/X (sky130_fd_sc_hd__clkbuf_4)
     1    0.03                           Y[1] (net)
                  0.08    0.00    3.61 v Y[1] (out)
                                  3.61   data arrival time

                         10.00   10.00   clock clk (rise edge)
                          0.00   10.00   clock network delay (propagated)
                         -0.25    9.75   clock uncertainty
                          0.00    9.75   clock reconvergence pessimism
                         -2.00    7.75   output external delay
                                  7.75   data required time
-----------------------------------------------------------------------------
                                  7.75   data required time
                                 -3.61   data arrival time
-----------------------------------------------------------------------------
                                  4.14   slack (MET)


Startpoint: A[1] (input port clocked by clk)
Endpoint: Carry (output port clocked by clk)
Path Group: clk
Path Type: max

Fanout     Cap    Slew   Delay    Time   Description
-----------------------------------------------------------------------------
                          0.00    0.00   clock clk (rise edge)
                          0.00    0.00   clock network delay (propagated)
                          2.00    2.00 v input external delay
                  0.01    0.00    2.00 v A[1] (in)
     1    0.00                           A[1] (net)
                  0.01    0.00    2.00 v input2/A (sky130_fd_sc_hd__buf_4)
                  0.05    0.14    2.15 v input2/X (sky130_fd_sc_hd__buf_4)
     7    0.02                           net2 (net)
                  0.05    0.00    2.15 v _091_/A (sky130_fd_sc_hd__xor2_2)
                  0.08    0.20    2.35 v _091_/X (sky130_fd_sc_hd__xor2_2)
     6    0.01                           _024_ (net)
                  0.08    0.00    2.35 v _108_/A2 (sky130_fd_sc_hd__a21oi_1)
                  0.19    0.22    2.57 ^ _108_/Y (sky130_fd_sc_hd__a21oi_1)
     2    0.01                           _040_ (net)
                  0.19    0.00    2.57 ^ _125_/A2 (sky130_fd_sc_hd__o21a_1)
                  0.07    0.17    2.74 ^ _125_/X (sky130_fd_sc_hd__o21a_1)
     3    0.01                           _056_ (net)
                  0.07    0.00    2.74 ^ _137_/B (sky130_fd_sc_hd__nand2_1)
                  0.03    0.05    2.79 v _137_/Y (sky130_fd_sc_hd__nand2_1)
     1    0.00                           _066_ (net)
                  0.03    0.00    2.79 v _139_/A3 (sky130_fd_sc_hd__a32o_1)
                  0.05    0.26    3.05 v _139_/X (sky130_fd_sc_hd__a32o_1)
     1    0.00                           _068_ (net)
                  0.05    0.00    3.05 v _140_/C1 (sky130_fd_sc_hd__a221o_4)
                  0.05    0.33    3.38 v _140_/X (sky130_fd_sc_hd__a221o_4)
     1    0.00                           net10 (net)
                  0.05    0.00    3.38 v output10/A (sky130_fd_sc_hd__clkbuf_4)
                  0.08    0.19    3.57 v output10/X (sky130_fd_sc_hd__clkbuf_4)
     1    0.03                           Carry (net)
                  0.08    0.00    3.57 v Carry (out)
                                  3.57   data arrival time

                         10.00   10.00   clock clk (rise edge)
                          0.00   10.00   clock network delay (propagated)
                         -0.25    9.75   clock uncertainty
                          0.00    9.75   clock reconvergence pessimism
                         -2.00    7.75   output external delay
                                  7.75   data required time
-----------------------------------------------------------------------------
                                  7.75   data required time
                                 -3.57   data arrival time
-----------------------------------------------------------------------------
                                  4.18   slack (MET)


Startpoint: A[1] (input port clocked by clk)
Endpoint: Y[2] (output port clocked by clk)
Path Group: clk
Path Type: max

Fanout     Cap    Slew   Delay    Time   Description
-----------------------------------------------------------------------------
                          0.00    0.00   clock clk (rise edge)
                          0.00    0.00   clock network delay (propagated)
                          2.00    2.00 v input external delay
                  0.01    0.00    2.00 v A[1] (in)
     1    0.00                           A[1] (net)
                  0.01    0.00    2.00 v input2/A (sky130_fd_sc_hd__buf_4)
                  0.05    0.14    2.15 v input2/X (sky130_fd_sc_hd__buf_4)
     7    0.02                           net2 (net)
                  0.05    0.00    2.15 v _091_/A (sky130_fd_sc_hd__xor2_2)
                  0.22    0.24    2.39 ^ _091_/X (sky130_fd_sc_hd__xor2_2)
     6    0.01                           _024_ (net)
                  0.22    0.00    2.39 ^ _108_/A2 (sky130_fd_sc_hd__a21oi_1)
                  0.08    0.13    2.52 v _108_/Y (sky130_fd_sc_hd__a21oi_1)
     2    0.01                           _040_ (net)
                  0.08    0.00    2.52 v _109_/B (sky130_fd_sc_hd__xor2_1)
                  0.06    0.15    2.68 v _109_/X (sky130_fd_sc_hd__xor2_1)
     1    0.00                           _041_ (net)
                  0.06    0.00    2.68 v _115_/A2 (sky130_fd_sc_hd__a211o_1)
                  0.06    0.31    2.99 v _115_/X (sky130_fd_sc_hd__a211o_1)
     1    0.00                           _047_ (net)
                  0.06    0.00    2.99 v _116_/B1 (sky130_fd_sc_hd__a21o_4)
                  0.03    0.19    3.18 v _116_/X (sky130_fd_sc_hd__a21o_4)
     2    0.00                           net13 (net)
                  0.03    0.00    3.18 v output13/A (sky130_fd_sc_hd__clkbuf_4)
                  0.08    0.19    3.37 v output13/X (sky130_fd_sc_hd__clkbuf_4)
     1    0.03                           Y[2] (net)
                  0.08    0.00    3.37 v Y[2] (out)
                                  3.37   data arrival time

                         10.00   10.00   clock clk (rise edge)
                          0.00   10.00   clock network delay (propagated)
                         -0.25    9.75   clock uncertainty
                          0.00    9.75   clock reconvergence pessimism
                         -2.00    7.75   output external delay
                                  7.75   data required time
-----------------------------------------------------------------------------
                                  7.75   data required time
                                 -3.37   data arrival time
-----------------------------------------------------------------------------
                                  4.38   slack (MET)


Startpoint: A[0] (input port clocked by clk)
Endpoint: Y[0] (output port clocked by clk)
Path Group: clk
Path Type: max

Fanout     Cap    Slew   Delay    Time   Description
-----------------------------------------------------------------------------
                          0.00    0.00   clock clk (rise edge)
                          0.00    0.00   clock network delay (propagated)
                          2.00    2.00 v input external delay
                  0.01    0.00    2.00 v A[0] (in)
     1    0.00                           A[0] (net)
                  0.01    0.00    2.00 v input1/A (sky130_fd_sc_hd__clkbuf_4)
                  0.04    0.14    2.14 v input1/X (sky130_fd_sc_hd__clkbuf_4)
     6    0.01                           net1 (net)
                  0.04    0.00    2.14 v _077_/B (sky130_fd_sc_hd__and2_1)
                  0.07    0.19    2.34 v _077_/X (sky130_fd_sc_hd__and2_1)
     5    0.01                           _011_ (net)
                  0.07    0.00    2.34 v _078_/B2 (sky130_fd_sc_hd__a2bb2o_1)
                  0.05    0.25    2.59 v _078_/X (sky130_fd_sc_hd__a2bb2o_1)
     1    0.00                           _012_ (net)
                  0.05    0.00    2.59 v _082_/B1 (sky130_fd_sc_hd__a211o_2)
                  0.05    0.32    2.91 v _082_/X (sky130_fd_sc_hd__a211o_2)
     2    0.00                           net11 (net)
                  0.05    0.00    2.91 v output11/A (sky130_fd_sc_hd__clkbuf_4)
                  0.08    0.19    3.10 v output11/X (sky130_fd_sc_hd__clkbuf_4)
     1    0.03                           Y[0] (net)
                  0.08    0.00    3.10 v Y[0] (out)
                                  3.10   data arrival time

                         10.00   10.00   clock clk (rise edge)
                          0.00   10.00   clock network delay (propagated)
                         -0.25    9.75   clock uncertainty
                          0.00    9.75   clock reconvergence pessimism
                         -2.00    7.75   output external delay
                                  7.75   data required time
-----------------------------------------------------------------------------
                                  7.75   data required time
                                 -3.10   data arrival time
-----------------------------------------------------------------------------
                                  4.65   slack (MET)


Startpoint: rst (input port clocked by clk)
Endpoint: _150_ (recovery check against rising-edge clock clk)
Path Group: asynchronous
Path Type: max

Fanout     Cap    Slew   Delay    Time   Description
-----------------------------------------------------------------------------
                          0.00    0.00   clock clk (rise edge)
                          0.00    0.00   clock network delay (propagated)
                          2.00    2.00 v input external delay
                  0.01    0.00    2.00 v rst (in)
     1    0.00                           rst (net)
                  0.01    0.00    2.00 v input9/A (sky130_fd_sc_hd__clkbuf_4)
                  0.04    0.14    2.14 v input9/X (sky130_fd_sc_hd__clkbuf_4)
     3    0.01                           net9 (net)
                  0.04    0.00    2.14 v _147_/A (sky130_fd_sc_hd__inv_2)
                  0.03    0.04    2.19 ^ _147_/Y (sky130_fd_sc_hd__inv_2)
     1    0.00                           _005_ (net)
                  0.03    0.00    2.19 ^ _150_/RESET_B (sky130_fd_sc_hd__dfrtp_4)
                                  2.19   data arrival time

                         10.00   10.00   clock clk (rise edge)
                          0.00   10.00   clock source latency
                  0.04    0.03   10.03 ^ clk (in)
     1    0.01                           clk (net)
                  0.04    0.00   10.03 ^ clkbuf_0_clk/A (sky130_fd_sc_hd__clkbuf_16)
                  0.04    0.11   10.14 ^ clkbuf_0_clk/X (sky130_fd_sc_hd__clkbuf_16)
     2    0.02                           clknet_0_clk (net)
                  0.04    0.00   10.14 ^ clkbuf_1_1__f_clk/A (sky130_fd_sc_hd__clkbuf_16)
                  0.03    0.10   10.24 ^ clkbuf_1_1__f_clk/X (sky130_fd_sc_hd__clkbuf_16)
     1    0.00                           clknet_1_1__leaf_clk (net)
                  0.03    0.00   10.24 ^ _150_/CLK (sky130_fd_sc_hd__dfrtp_4)
                         -0.25    9.99   clock uncertainty
                          0.00    9.99   clock reconvergence pessimism
                          0.22   10.21   library recovery time
                                 10.21   data required time
-----------------------------------------------------------------------------
                                 10.21   data required time
                                 -2.19   data arrival time
-----------------------------------------------------------------------------
                                  8.02   slack (MET)


Startpoint: rst (input port clocked by clk)
Endpoint: _148_ (recovery check against rising-edge clock clk)
Path Group: asynchronous
Path Type: max

Fanout     Cap    Slew   Delay    Time   Description
-----------------------------------------------------------------------------
                          0.00    0.00   clock clk (rise edge)
                          0.00    0.00   clock network delay (propagated)
                          2.00    2.00 v input external delay
                  0.01    0.00    2.00 v rst (in)
     1    0.00                           rst (net)
                  0.01    0.00    2.00 v input9/A (sky130_fd_sc_hd__clkbuf_4)
                  0.04    0.14    2.14 v input9/X (sky130_fd_sc_hd__clkbuf_4)
     3    0.01                           net9 (net)
                  0.04    0.00    2.14 v _145_/A (sky130_fd_sc_hd__inv_2)
                  0.03    0.04    2.19 ^ _145_/Y (sky130_fd_sc_hd__inv_2)
     1    0.00                           _003_ (net)
                  0.03    0.00    2.19 ^ _148_/RESET_B (sky130_fd_sc_hd__dfrtp_1)
                                  2.19   data arrival time

                         10.00   10.00   clock clk (rise edge)
                          0.00   10.00   clock source latency
                  0.04    0.03   10.03 ^ clk (in)
     1    0.01                           clk (net)
                  0.04    0.00   10.03 ^ clkbuf_0_clk/A (sky130_fd_sc_hd__clkbuf_16)
                  0.04    0.11   10.14 ^ clkbuf_0_clk/X (sky130_fd_sc_hd__clkbuf_16)
     2    0.02                           clknet_0_clk (net)
                  0.04    0.00   10.14 ^ clkbuf_1_0__f_clk/A (sky130_fd_sc_hd__clkbuf_16)
                  0.03    0.10   10.24 ^ clkbuf_1_0__f_clk/X (sky130_fd_sc_hd__clkbuf_16)
     2    0.00                           clknet_1_0__leaf_clk (net)
                  0.03    0.00   10.24 ^ _148_/CLK (sky130_fd_sc_hd__dfrtp_1)
                         -0.25    9.99   clock uncertainty
                          0.00    9.99   clock reconvergence pessimism
                          0.23   10.22   library recovery time
                                 10.22   data required time
-----------------------------------------------------------------------------
                                 10.22   data required time
                                 -2.19   data arrival time
-----------------------------------------------------------------------------
                                  8.04   slack (MET)


Startpoint: rst (input port clocked by clk)
Endpoint: _149_ (recovery check against rising-edge clock clk)
Path Group: asynchronous
Path Type: max

Fanout     Cap    Slew   Delay    Time   Description
-----------------------------------------------------------------------------
                          0.00    0.00   clock clk (rise edge)
                          0.00    0.00   clock network delay (propagated)
                          2.00    2.00 v input external delay
                  0.01    0.00    2.00 v rst (in)
     1    0.00                           rst (net)
                  0.01    0.00    2.00 v input9/A (sky130_fd_sc_hd__clkbuf_4)
                  0.04    0.14    2.14 v input9/X (sky130_fd_sc_hd__clkbuf_4)
     3    0.01                           net9 (net)
                  0.04    0.00    2.14 v _146_/A (sky130_fd_sc_hd__inv_2)
                  0.03    0.04    2.19 ^ _146_/Y (sky130_fd_sc_hd__inv_2)
     1    0.00                           _004_ (net)
                  0.03    0.00    2.19 ^ _149_/RESET_B (sky130_fd_sc_hd__dfrtp_1)
                                  2.19   data arrival time

                         10.00   10.00   clock clk (rise edge)
                          0.00   10.00   clock source latency
                  0.04    0.03   10.03 ^ clk (in)
     1    0.01                           clk (net)
                  0.04    0.00   10.03 ^ clkbuf_0_clk/A (sky130_fd_sc_hd__clkbuf_16)
                  0.04    0.11   10.14 ^ clkbuf_0_clk/X (sky130_fd_sc_hd__clkbuf_16)
     2    0.02                           clknet_0_clk (net)
                  0.04    0.00   10.14 ^ clkbuf_1_0__f_clk/A (sky130_fd_sc_hd__clkbuf_16)
                  0.03    0.10   10.24 ^ clkbuf_1_0__f_clk/X (sky130_fd_sc_hd__clkbuf_16)
     2    0.00                           clknet_1_0__leaf_clk (net)
                  0.03    0.00   10.24 ^ _149_/CLK (sky130_fd_sc_hd__dfrtp_1)
                         -0.25    9.99   clock uncertainty
                          0.00    9.99   clock reconvergence pessimism
                          0.23   10.22   library recovery time
                                 10.22   data required time
-----------------------------------------------------------------------------
                                 10.22   data required time
                                 -2.19   data arrival time
-----------------------------------------------------------------------------
                                  8.04   slack (MET)


Startpoint: _148_ (rising edge-triggered flip-flop clocked by clk)
Endpoint: _150_ (rising edge-triggered flip-flop clocked by clk)
Path Group: clk
Path Type: max

Fanout     Cap    Slew   Delay    Time   Description
-----------------------------------------------------------------------------
                          0.00    0.00   clock clk (rise edge)
                          0.00    0.00   clock source latency
                  0.04    0.03    0.03 ^ clk (in)
     1    0.01                           clk (net)
                  0.04    0.00    0.03 ^ clkbuf_0_clk/A (sky130_fd_sc_hd__clkbuf_16)
                  0.04    0.13    0.16 ^ clkbuf_0_clk/X (sky130_fd_sc_hd__clkbuf_16)
     2    0.02                           clknet_0_clk (net)
                  0.04    0.00    0.16 ^ clkbuf_1_0__f_clk/A (sky130_fd_sc_hd__clkbuf_16)
                  0.03    0.11    0.27 ^ clkbuf_1_0__f_clk/X (sky130_fd_sc_hd__clkbuf_16)
     2    0.00                           clknet_1_0__leaf_clk (net)
                  0.03    0.00    0.27 ^ _148_/CLK (sky130_fd_sc_hd__dfrtp_1)
                  0.05    0.38    0.65 v _148_/Q (sky130_fd_sc_hd__dfrtp_1)
     3    0.01                           alu.sel[0] (net)
                  0.05    0.00    0.65 v _071_/A (sky130_fd_sc_hd__clkbuf_4)
                  0.07    0.19    0.83 v _071_/X (sky130_fd_sc_hd__clkbuf_4)
    10    0.03                           _006_ (net)
                  0.07    0.00    0.83 v _079_/C (sky130_fd_sc_hd__and3b_1)
                  0.07    0.23    1.06 v _079_/X (sky130_fd_sc_hd__and3b_1)
     5    0.01                           _013_ (net)
                  0.07    0.00    1.06 v _143_/A (sky130_fd_sc_hd__or2_1)
                  0.04    0.23    1.30 v _143_/X (sky130_fd_sc_hd__or2_1)
     1    0.00                           _070_ (net)
                  0.04    0.00    1.30 v _144_/A (sky130_fd_sc_hd__clkbuf_1)
                  0.02    0.09    1.38 v _144_/X (sky130_fd_sc_hd__clkbuf_1)
     1    0.00                           _002_ (net)
                  0.02    0.00    1.38 v _150_/D (sky130_fd_sc_hd__dfrtp_4)
                                  1.38   data arrival time

                         10.00   10.00   clock clk (rise edge)
                          0.00   10.00   clock source latency
                  0.04    0.03   10.03 ^ clk (in)
     1    0.01                           clk (net)
                  0.04    0.00   10.03 ^ clkbuf_0_clk/A (sky130_fd_sc_hd__clkbuf_16)
                  0.04    0.11   10.14 ^ clkbuf_0_clk/X (sky130_fd_sc_hd__clkbuf_16)
     2    0.02                           clknet_0_clk (net)
                  0.04    0.00   10.14 ^ clkbuf_1_1__f_clk/A (sky130_fd_sc_hd__clkbuf_16)
                  0.03    0.10   10.24 ^ clkbuf_1_1__f_clk/X (sky130_fd_sc_hd__clkbuf_16)
     1    0.00                           clknet_1_1__leaf_clk (net)
                  0.03    0.00   10.24 ^ _150_/CLK (sky130_fd_sc_hd__dfrtp_4)
                         -0.25    9.99   clock uncertainty
                          0.01   10.00   clock reconvergence pessimism
                         -0.11    9.90   library setup time
                                  9.90   data required time
-----------------------------------------------------------------------------
                                  9.90   data required time
                                 -1.38   data arrival time
-----------------------------------------------------------------------------
                                  8.51   slack (MET)


Startpoint: _148_ (rising edge-triggered flip-flop clocked by clk)
Endpoint: _149_ (rising edge-triggered flip-flop clocked by clk)
Path Group: clk
Path Type: max

Fanout     Cap    Slew   Delay    Time   Description
-----------------------------------------------------------------------------
                          0.00    0.00   clock clk (rise edge)
                          0.00    0.00   clock source latency
                  0.04    0.03    0.03 ^ clk (in)
     1    0.01                           clk (net)
                  0.04    0.00    0.03 ^ clkbuf_0_clk/A (sky130_fd_sc_hd__clkbuf_16)
                  0.04    0.13    0.16 ^ clkbuf_0_clk/X (sky130_fd_sc_hd__clkbuf_16)
     2    0.02                           clknet_0_clk (net)
                  0.04    0.00    0.16 ^ clkbuf_1_0__f_clk/A (sky130_fd_sc_hd__clkbuf_16)
                  0.03    0.11    0.27 ^ clkbuf_1_0__f_clk/X (sky130_fd_sc_hd__clkbuf_16)
     2    0.00                           clknet_1_0__leaf_clk (net)
                  0.03    0.00    0.27 ^ _148_/CLK (sky130_fd_sc_hd__dfrtp_1)
                  0.05    0.38    0.65 v _148_/Q (sky130_fd_sc_hd__dfrtp_1)
     3    0.01                           alu.sel[0] (net)
                  0.05    0.00    0.65 v _071_/A (sky130_fd_sc_hd__clkbuf_4)
                  0.07    0.19    0.83 v _071_/X (sky130_fd_sc_hd__clkbuf_4)
    10    0.03                           _006_ (net)
                  0.07    0.00    0.83 v _141_/A (sky130_fd_sc_hd__xor2_1)
                  0.05    0.17    1.00 v _141_/X (sky130_fd_sc_hd__xor2_1)
     1    0.00                           _001_ (net)
                  0.05    0.00    1.00 v _149_/D (sky130_fd_sc_hd__dfrtp_1)
                                  1.00   data arrival time

                         10.00   10.00   clock clk (rise edge)
                          0.00   10.00   clock source latency
                  0.04    0.03   10.03 ^ clk (in)
     1    0.01                           clk (net)
                  0.04    0.00   10.03 ^ clkbuf_0_clk/A (sky130_fd_sc_hd__clkbuf_16)
                  0.04    0.11   10.14 ^ clkbuf_0_clk/X (sky130_fd_sc_hd__clkbuf_16)
     2    0.02                           clknet_0_clk (net)
                  0.04    0.00   10.14 ^ clkbuf_1_0__f_clk/A (sky130_fd_sc_hd__clkbuf_16)
                  0.03    0.10   10.24 ^ clkbuf_1_0__f_clk/X (sky130_fd_sc_hd__clkbuf_16)
     2    0.00                           clknet_1_0__leaf_clk (net)
                  0.03    0.00   10.24 ^ _149_/CLK (sky130_fd_sc_hd__dfrtp_1)
                         -0.25    9.99   clock uncertainty
                          0.03   10.02   clock reconvergence pessimism
                         -0.12    9.90   library setup time
                                  9.90   data required time
-----------------------------------------------------------------------------
                                  9.90   data required time
                                 -1.00   data arrival time
-----------------------------------------------------------------------------
                                  8.90   slack (MET)


Startpoint: _148_ (rising edge-triggered flip-flop clocked by clk)
Endpoint: _148_ (rising edge-triggered flip-flop clocked by clk)
Path Group: clk
Path Type: max

Fanout     Cap    Slew   Delay    Time   Description
-----------------------------------------------------------------------------
                          0.00    0.00   clock clk (rise edge)
                          0.00    0.00   clock source latency
                  0.04    0.03    0.03 ^ clk (in)
     1    0.01                           clk (net)
                  0.04    0.00    0.03 ^ clkbuf_0_clk/A (sky130_fd_sc_hd__clkbuf_16)
                  0.04    0.13    0.16 ^ clkbuf_0_clk/X (sky130_fd_sc_hd__clkbuf_16)
     2    0.02                           clknet_0_clk (net)
                  0.04    0.00    0.16 ^ clkbuf_1_0__f_clk/A (sky130_fd_sc_hd__clkbuf_16)
                  0.03    0.11    0.27 ^ clkbuf_1_0__f_clk/X (sky130_fd_sc_hd__clkbuf_16)
     2    0.00                           clknet_1_0__leaf_clk (net)
                  0.03    0.00    0.27 ^ _148_/CLK (sky130_fd_sc_hd__dfrtp_1)
                  0.07    0.35    0.62 ^ _148_/Q (sky130_fd_sc_hd__dfrtp_1)
     3    0.01                           alu.sel[0] (net)
                  0.07    0.00    0.62 ^ _071_/A (sky130_fd_sc_hd__clkbuf_4)
                  0.10    0.20    0.81 ^ _071_/X (sky130_fd_sc_hd__clkbuf_4)
    10    0.03                           _006_ (net)
                  0.10    0.00    0.81 ^ _072_/A (sky130_fd_sc_hd__inv_2)
                  0.02    0.03    0.84 v _072_/Y (sky130_fd_sc_hd__inv_2)
     1    0.00                           _000_ (net)
                  0.02    0.00    0.84 v _148_/D (sky130_fd_sc_hd__dfrtp_1)
                                  0.84   data arrival time

                         10.00   10.00   clock clk (rise edge)
                          0.00   10.00   clock source latency
                  0.04    0.03   10.03 ^ clk (in)
     1    0.01                           clk (net)
                  0.04    0.00   10.03 ^ clkbuf_0_clk/A (sky130_fd_sc_hd__clkbuf_16)
                  0.04    0.11   10.14 ^ clkbuf_0_clk/X (sky130_fd_sc_hd__clkbuf_16)
     2    0.02                           clknet_0_clk (net)
                  0.04    0.00   10.14 ^ clkbuf_1_0__f_clk/A (sky130_fd_sc_hd__clkbuf_16)
                  0.03    0.10   10.24 ^ clkbuf_1_0__f_clk/X (sky130_fd_sc_hd__clkbuf_16)
     2    0.00                           clknet_1_0__leaf_clk (net)
                  0.03    0.00   10.24 ^ _148_/CLK (sky130_fd_sc_hd__dfrtp_1)
                         -0.25    9.99   clock uncertainty
                          0.03   10.02   clock reconvergence pessimism
                         -0.11    9.91   library setup time
                                  9.91   data required time
-----------------------------------------------------------------------------
                                  9.91   data required time
                                 -0.84   data arrival time
-----------------------------------------------------------------------------
                                  9.06   slack (MET)



