
===========================================================================
report_checks -path_delay min (Hold)
============================================================================
======================= Typical Corner ===================================

Startpoint: _148_ (rising edge-triggered flip-flop clocked by clk)
Endpoint: _148_ (rising edge-triggered flip-flop clocked by clk)
Path Group: clk
Path Type: min

Fanout     Cap    Slew   Delay    Time   Description
-----------------------------------------------------------------------------
                          0.00    0.00   clock clk (rise edge)
                          0.00    0.00   clock source latency
                  0.12    0.08    0.08 ^ clk (in)
     1    0.03                           clk (net)
                  0.12    0.00    0.08 ^ clkbuf_0_clk/A (sky130_fd_sc_hd__clkbuf_16)
                  0.04    0.14    0.23 ^ clkbuf_0_clk/X (sky130_fd_sc_hd__clkbuf_16)
     2    0.02                           clknet_0_clk (net)
                  0.04    0.00    0.23 ^ clkbuf_1_0__f_clk/A (sky130_fd_sc_hd__clkbuf_16)
                  0.03    0.10    0.33 ^ clkbuf_1_0__f_clk/X (sky130_fd_sc_hd__clkbuf_16)
     2    0.01                           clknet_1_0__leaf_clk (net)
                  0.03    0.00    0.33 ^ _148_/CLK (sky130_fd_sc_hd__dfrtp_1)
                  0.08    0.32    0.65 ^ _148_/Q (sky130_fd_sc_hd__dfrtp_1)
     3    0.01                           alu.sel[0] (net)
                  0.08    0.00    0.65 ^ _071_/A (sky130_fd_sc_hd__buf_2)
                  0.17    0.20    0.85 ^ _071_/X (sky130_fd_sc_hd__buf_2)
    10    0.03                           _006_ (net)
                  0.17    0.00    0.85 ^ _072_/A (sky130_fd_sc_hd__inv_2)
                  0.03    0.03    0.88 v _072_/Y (sky130_fd_sc_hd__inv_2)
     1    0.00                           _000_ (net)
                  0.03    0.00    0.88 v _148_/D (sky130_fd_sc_hd__dfrtp_1)
                                  0.88   data arrival time

                          0.00    0.00   clock clk (rise edge)
                          0.00    0.00   clock source latency
                  0.12    0.09    0.09 ^ clk (in)
     1    0.03                           clk (net)
                  0.12    0.00    0.09 ^ clkbuf_0_clk/A (sky130_fd_sc_hd__clkbuf_16)
                  0.04    0.16    0.25 ^ clkbuf_0_clk/X (sky130_fd_sc_hd__clkbuf_16)
     2    0.02                           clknet_0_clk (net)
                  0.04    0.00    0.25 ^ clkbuf_1_0__f_clk/A (sky130_fd_sc_hd__clkbuf_16)
                  0.03    0.12    0.36 ^ clkbuf_1_0__f_clk/X (sky130_fd_sc_hd__clkbuf_16)
     2    0.01                           clknet_1_0__leaf_clk (net)
                  0.03    0.00    0.36 ^ _148_/CLK (sky130_fd_sc_hd__dfrtp_1)
                          0.25    0.61   clock uncertainty
                         -0.03    0.58   clock reconvergence pessimism
                         -0.04    0.54   library hold time
                                  0.54   data required time
-----------------------------------------------------------------------------
                                  0.54   data required time
                                 -0.88   data arrival time
-----------------------------------------------------------------------------
                                  0.35   slack (MET)


Startpoint: _149_ (rising edge-triggered flip-flop clocked by clk)
Endpoint: _149_ (rising edge-triggered flip-flop clocked by clk)
Path Group: clk
Path Type: min

Fanout     Cap    Slew   Delay    Time   Description
-----------------------------------------------------------------------------
                          0.00    0.00   clock clk (rise edge)
                          0.00    0.00   clock source latency
                  0.12    0.08    0.08 ^ clk (in)
     1    0.03                           clk (net)
                  0.12    0.00    0.08 ^ clkbuf_0_clk/A (sky130_fd_sc_hd__clkbuf_16)
                  0.04    0.14    0.23 ^ clkbuf_0_clk/X (sky130_fd_sc_hd__clkbuf_16)
     2    0.02                           clknet_0_clk (net)
                  0.04    0.00    0.23 ^ clkbuf_1_0__f_clk/A (sky130_fd_sc_hd__clkbuf_16)
                  0.03    0.10    0.33 ^ clkbuf_1_0__f_clk/X (sky130_fd_sc_hd__clkbuf_16)
     2    0.01                           clknet_1_0__leaf_clk (net)
                  0.03    0.00    0.33 ^ _149_/CLK (sky130_fd_sc_hd__dfrtp_1)
                  0.06    0.31    0.64 ^ _149_/Q (sky130_fd_sc_hd__dfrtp_1)
     2    0.00                           alu.sel[1] (net)
                  0.06    0.00    0.64 ^ _073_/A (sky130_fd_sc_hd__buf_2)
                  0.14    0.17    0.81 ^ _073_/X (sky130_fd_sc_hd__buf_2)
    10    0.03                           _007_ (net)
                  0.14    0.00    0.81 ^ _141_/B (sky130_fd_sc_hd__xor2_1)
                  0.03    0.07    0.88 v _141_/X (sky130_fd_sc_hd__xor2_1)
     1    0.00                           _001_ (net)
                  0.03    0.00    0.88 v _149_/D (sky130_fd_sc_hd__dfrtp_1)
                                  0.88   data arrival time

                          0.00    0.00   clock clk (rise edge)
                          0.00    0.00   clock source latency
                  0.12    0.09    0.09 ^ clk (in)
     1    0.03                           clk (net)
                  0.12    0.00    0.09 ^ clkbuf_0_clk/A (sky130_fd_sc_hd__clkbuf_16)
                  0.04    0.16    0.25 ^ clkbuf_0_clk/X (sky130_fd_sc_hd__clkbuf_16)
     2    0.02                           clknet_0_clk (net)
                  0.04    0.00    0.25 ^ clkbuf_1_0__f_clk/A (sky130_fd_sc_hd__clkbuf_16)
                  0.03    0.12    0.36 ^ clkbuf_1_0__f_clk/X (sky130_fd_sc_hd__clkbuf_16)
     2    0.01                           clknet_1_0__leaf_clk (net)
                  0.03    0.00    0.37 ^ _149_/CLK (sky130_fd_sc_hd__dfrtp_1)
                          0.25    0.62   clock uncertainty
                         -0.03    0.58   clock reconvergence pessimism
                         -0.05    0.54   library hold time
                                  0.54   data required time
-----------------------------------------------------------------------------
                                  0.54   data required time
                                 -0.88   data arrival time
-----------------------------------------------------------------------------
                                  0.35   slack (MET)


Startpoint: _150_ (rising edge-triggered flip-flop clocked by clk)
Endpoint: _150_ (rising edge-triggered flip-flop clocked by clk)
Path Group: clk
Path Type: min

Fanout     Cap    Slew   Delay    Time   Description
-----------------------------------------------------------------------------
                          0.00    0.00   clock clk (rise edge)
                          0.00    0.00   clock source latency
                  0.12    0.08    0.08 ^ clk (in)
     1    0.03                           clk (net)
                  0.12    0.00    0.08 ^ clkbuf_0_clk/A (sky130_fd_sc_hd__clkbuf_16)
                  0.04    0.14    0.23 ^ clkbuf_0_clk/X (sky130_fd_sc_hd__clkbuf_16)
     2    0.02                           clknet_0_clk (net)
                  0.04    0.00    0.23 ^ clkbuf_1_1__f_clk/A (sky130_fd_sc_hd__clkbuf_16)
                  0.03    0.10    0.33 ^ clkbuf_1_1__f_clk/X (sky130_fd_sc_hd__clkbuf_16)
     1    0.00                           clknet_1_1__leaf_clk (net)
                  0.03    0.00    0.33 ^ _150_/CLK (sky130_fd_sc_hd__dfrtp_4)
                  0.11    0.42    0.75 ^ _150_/Q (sky130_fd_sc_hd__dfrtp_4)
    10    0.03                           alu.sel[2] (net)
                  0.11    0.00    0.75 ^ _142_/B1_N (sky130_fd_sc_hd__a21boi_1)
                  0.07    0.14    0.89 ^ _142_/Y (sky130_fd_sc_hd__a21boi_1)
     1    0.00                           _069_ (net)
                  0.07    0.00    0.89 ^ _143_/B (sky130_fd_sc_hd__or2_1)
                  0.04    0.09    0.98 ^ _143_/X (sky130_fd_sc_hd__or2_1)
     1    0.00                           _070_ (net)
                  0.04    0.00    0.98 ^ _144_/A (sky130_fd_sc_hd__clkbuf_1)
                  0.04    0.07    1.05 ^ _144_/X (sky130_fd_sc_hd__clkbuf_1)
     1    0.00                           _002_ (net)
                  0.04    0.00    1.05 ^ _150_/D (sky130_fd_sc_hd__dfrtp_4)
                                  1.05   data arrival time

                          0.00    0.00   clock clk (rise edge)
                          0.00    0.00   clock source latency
                  0.12    0.09    0.09 ^ clk (in)
     1    0.03                           clk (net)
                  0.12    0.00    0.09 ^ clkbuf_0_clk/A (sky130_fd_sc_hd__clkbuf_16)
                  0.04    0.16    0.25 ^ clkbuf_0_clk/X (sky130_fd_sc_hd__clkbuf_16)
     2    0.02                           clknet_0_clk (net)
                  0.04    0.00    0.25 ^ clkbuf_1_1__f_clk/A (sky130_fd_sc_hd__clkbuf_16)
                  0.03    0.11    0.36 ^ clkbuf_1_1__f_clk/X (sky130_fd_sc_hd__clkbuf_16)
     1    0.00                           clknet_1_1__leaf_clk (net)
                  0.03    0.00    0.36 ^ _150_/CLK (sky130_fd_sc_hd__dfrtp_4)
                          0.25    0.61   clock uncertainty
                         -0.03    0.58   clock reconvergence pessimism
                         -0.04    0.54   library hold time
                                  0.54   data required time
-----------------------------------------------------------------------------
                                  0.54   data required time
                                 -1.05   data arrival time
-----------------------------------------------------------------------------
                                  0.51   slack (MET)


Startpoint: rst (input port clocked by clk)
Endpoint: _148_ (removal check against rising-edge clock clk)
Path Group: asynchronous
Path Type: min

Fanout     Cap    Slew   Delay    Time   Description
-----------------------------------------------------------------------------
                          0.00    0.00   clock clk (rise edge)
                          0.00    0.00   clock network delay (propagated)
                          2.00    2.00 v input external delay
                  0.01    0.01    2.01 v rst (in)
     1    0.00                           rst (net)
                  0.01    0.00    2.01 v input9/A (sky130_fd_sc_hd__clkbuf_4)
                  0.09    0.17    2.17 v input9/X (sky130_fd_sc_hd__clkbuf_4)
     3    0.04                           net9 (net)
                  0.10    0.01    2.18 v _145_/A (sky130_fd_sc_hd__inv_2)
                  0.04    0.06    2.24 ^ _145_/Y (sky130_fd_sc_hd__inv_2)
     1    0.00                           _003_ (net)
                  0.04    0.00    2.24 ^ _148_/RESET_B (sky130_fd_sc_hd__dfrtp_1)
                                  2.24   data arrival time

                          0.00    0.00   clock clk (rise edge)
                          0.00    0.00   clock source latency
                  0.12    0.09    0.09 ^ clk (in)
     1    0.03                           clk (net)
                  0.12    0.00    0.09 ^ clkbuf_0_clk/A (sky130_fd_sc_hd__clkbuf_16)
                  0.04    0.16    0.25 ^ clkbuf_0_clk/X (sky130_fd_sc_hd__clkbuf_16)
     2    0.02                           clknet_0_clk (net)
                  0.04    0.00    0.25 ^ clkbuf_1_0__f_clk/A (sky130_fd_sc_hd__clkbuf_16)
                  0.03    0.12    0.36 ^ clkbuf_1_0__f_clk/X (sky130_fd_sc_hd__clkbuf_16)
     2    0.01                           clknet_1_0__leaf_clk (net)
                  0.03    0.00    0.36 ^ _148_/CLK (sky130_fd_sc_hd__dfrtp_1)
                          0.25    0.61   clock uncertainty
                          0.00    0.61   clock reconvergence pessimism
                          0.31    0.93   library removal time
                                  0.93   data required time
-----------------------------------------------------------------------------
                                  0.93   data required time
                                 -2.24   data arrival time
-----------------------------------------------------------------------------
                                  1.31   slack (MET)


Startpoint: rst (input port clocked by clk)
Endpoint: _149_ (removal check against rising-edge clock clk)
Path Group: asynchronous
Path Type: min

Fanout     Cap    Slew   Delay    Time   Description
-----------------------------------------------------------------------------
                          0.00    0.00   clock clk (rise edge)
                          0.00    0.00   clock network delay (propagated)
                          2.00    2.00 v input external delay
                  0.01    0.01    2.01 v rst (in)
     1    0.00                           rst (net)
                  0.01    0.00    2.01 v input9/A (sky130_fd_sc_hd__clkbuf_4)
                  0.09    0.17    2.17 v input9/X (sky130_fd_sc_hd__clkbuf_4)
     3    0.04                           net9 (net)
                  0.10    0.01    2.18 v _146_/A (sky130_fd_sc_hd__inv_2)
                  0.04    0.06    2.24 ^ _146_/Y (sky130_fd_sc_hd__inv_2)
     1    0.00                           _004_ (net)
                  0.04    0.00    2.24 ^ _149_/RESET_B (sky130_fd_sc_hd__dfrtp_1)
                                  2.24   data arrival time

                          0.00    0.00   clock clk (rise edge)
                          0.00    0.00   clock source latency
                  0.12    0.09    0.09 ^ clk (in)
     1    0.03                           clk (net)
                  0.12    0.00    0.09 ^ clkbuf_0_clk/A (sky130_fd_sc_hd__clkbuf_16)
                  0.04    0.16    0.25 ^ clkbuf_0_clk/X (sky130_fd_sc_hd__clkbuf_16)
     2    0.02                           clknet_0_clk (net)
                  0.04    0.00    0.25 ^ clkbuf_1_0__f_clk/A (sky130_fd_sc_hd__clkbuf_16)
                  0.03    0.12    0.36 ^ clkbuf_1_0__f_clk/X (sky130_fd_sc_hd__clkbuf_16)
     2    0.01                           clknet_1_0__leaf_clk (net)
                  0.03    0.00    0.37 ^ _149_/CLK (sky130_fd_sc_hd__dfrtp_1)
                          0.25    0.62   clock uncertainty
                          0.00    0.62   clock reconvergence pessimism
                          0.31    0.93   library removal time
                                  0.93   data required time
-----------------------------------------------------------------------------
                                  0.93   data required time
                                 -2.24   data arrival time
-----------------------------------------------------------------------------
                                  1.31   slack (MET)


Startpoint: rst (input port clocked by clk)
Endpoint: _150_ (removal check against rising-edge clock clk)
Path Group: asynchronous
Path Type: min

Fanout     Cap    Slew   Delay    Time   Description
-----------------------------------------------------------------------------
                          0.00    0.00   clock clk (rise edge)
                          0.00    0.00   clock network delay (propagated)
                          2.00    2.00 v input external delay
                  0.01    0.01    2.01 v rst (in)
     1    0.00                           rst (net)
                  0.01    0.00    2.01 v input9/A (sky130_fd_sc_hd__clkbuf_4)
                  0.09    0.17    2.17 v input9/X (sky130_fd_sc_hd__clkbuf_4)
     3    0.04                           net9 (net)
                  0.10    0.01    2.18 v _147_/A (sky130_fd_sc_hd__inv_2)
                  0.04    0.06    2.24 ^ _147_/Y (sky130_fd_sc_hd__inv_2)
     1    0.00                           _005_ (net)
                  0.04    0.00    2.24 ^ _150_/RESET_B (sky130_fd_sc_hd__dfrtp_4)
                                  2.24   data arrival time

                          0.00    0.00   clock clk (rise edge)
                          0.00    0.00   clock source latency
                  0.12    0.09    0.09 ^ clk (in)
     1    0.03                           clk (net)
                  0.12    0.00    0.09 ^ clkbuf_0_clk/A (sky130_fd_sc_hd__clkbuf_16)
                  0.04    0.16    0.25 ^ clkbuf_0_clk/X (sky130_fd_sc_hd__clkbuf_16)
     2    0.02                           clknet_0_clk (net)
                  0.04    0.00    0.25 ^ clkbuf_1_1__f_clk/A (sky130_fd_sc_hd__clkbuf_16)
                  0.03    0.11    0.36 ^ clkbuf_1_1__f_clk/X (sky130_fd_sc_hd__clkbuf_16)
     1    0.00                           clknet_1_1__leaf_clk (net)
                  0.03    0.00    0.36 ^ _150_/CLK (sky130_fd_sc_hd__dfrtp_4)
                          0.25    0.61   clock uncertainty
                          0.00    0.61   clock reconvergence pessimism
                          0.31    0.92   library removal time
                                  0.92   data required time
-----------------------------------------------------------------------------
                                  0.92   data required time
                                 -2.24   data arrival time
-----------------------------------------------------------------------------
                                  1.32   slack (MET)


Startpoint: _149_ (rising edge-triggered flip-flop clocked by clk)
Endpoint: Carry (output port clocked by clk)
Path Group: clk
Path Type: min

Fanout     Cap    Slew   Delay    Time   Description
-----------------------------------------------------------------------------
                          0.00    0.00   clock clk (rise edge)
                          0.00    0.00   clock source latency
                  0.12    0.08    0.08 ^ clk (in)
     1    0.03                           clk (net)
                  0.12    0.00    0.08 ^ clkbuf_0_clk/A (sky130_fd_sc_hd__clkbuf_16)
                  0.04    0.14    0.23 ^ clkbuf_0_clk/X (sky130_fd_sc_hd__clkbuf_16)
     2    0.02                           clknet_0_clk (net)
                  0.04    0.00    0.23 ^ clkbuf_1_0__f_clk/A (sky130_fd_sc_hd__clkbuf_16)
                  0.03    0.10    0.33 ^ clkbuf_1_0__f_clk/X (sky130_fd_sc_hd__clkbuf_16)
     2    0.01                           clknet_1_0__leaf_clk (net)
                  0.03    0.00    0.33 ^ _149_/CLK (sky130_fd_sc_hd__dfrtp_1)
                  0.06    0.31    0.64 ^ _149_/Q (sky130_fd_sc_hd__dfrtp_1)
     2    0.00                           alu.sel[1] (net)
                  0.06    0.00    0.64 ^ _087_/B (sky130_fd_sc_hd__and3b_1)
                  0.16    0.22    0.86 ^ _087_/X (sky130_fd_sc_hd__and3b_1)
     4    0.02                           _020_ (net)
                  0.16    0.00    0.86 ^ _140_/B1 (sky130_fd_sc_hd__a221o_4)
                  0.10    0.22    1.08 ^ _140_/X (sky130_fd_sc_hd__a221o_4)
     1    0.03                           net10 (net)
                  0.10    0.00    1.09 ^ output10/A (sky130_fd_sc_hd__clkbuf_4)
                  0.12    0.20    1.28 ^ output10/X (sky130_fd_sc_hd__clkbuf_4)
     1    0.04                           Carry (net)
                  0.12    0.00    1.28 ^ Carry (out)
                                  1.28   data arrival time

                          0.00    0.00   clock clk (rise edge)
                          0.00    0.00   clock network delay (propagated)
                          0.25    0.25   clock uncertainty
                          0.00    0.25   clock reconvergence pessimism
                         -2.00   -1.75   output external delay
                                 -1.75   data required time
-----------------------------------------------------------------------------
                                 -1.75   data required time
                                 -1.28   data arrival time
-----------------------------------------------------------------------------
                                  3.03   slack (MET)


Startpoint: _150_ (rising edge-triggered flip-flop clocked by clk)
Endpoint: Y[0] (output port clocked by clk)
Path Group: clk
Path Type: min

Fanout     Cap    Slew   Delay    Time   Description
-----------------------------------------------------------------------------
                          0.00    0.00   clock clk (rise edge)
                          0.00    0.00   clock source latency
                  0.12    0.08    0.08 ^ clk (in)
     1    0.03                           clk (net)
                  0.12    0.00    0.08 ^ clkbuf_0_clk/A (sky130_fd_sc_hd__clkbuf_16)
                  0.04    0.14    0.23 ^ clkbuf_0_clk/X (sky130_fd_sc_hd__clkbuf_16)
     2    0.02                           clknet_0_clk (net)
                  0.04    0.00    0.23 ^ clkbuf_1_1__f_clk/A (sky130_fd_sc_hd__clkbuf_16)
                  0.03    0.10    0.33 ^ clkbuf_1_1__f_clk/X (sky130_fd_sc_hd__clkbuf_16)
     1    0.00                           clknet_1_1__leaf_clk (net)
                  0.03    0.00    0.33 ^ _150_/CLK (sky130_fd_sc_hd__dfrtp_4)
                  0.11    0.42    0.75 ^ _150_/Q (sky130_fd_sc_hd__dfrtp_4)
    10    0.03                           alu.sel[2] (net)
                  0.11    0.00    0.75 ^ _074_/C (sky130_fd_sc_hd__and3_1)
                  0.17    0.24    0.99 ^ _074_/X (sky130_fd_sc_hd__and3_1)
     4    0.02                           _008_ (net)
                  0.17    0.00    0.99 ^ _082_/A2 (sky130_fd_sc_hd__a211o_2)
                  0.09    0.19    1.19 ^ _082_/X (sky130_fd_sc_hd__a211o_2)
     2    0.02                           net11 (net)
                  0.09    0.00    1.19 ^ output11/A (sky130_fd_sc_hd__clkbuf_4)
                  0.12    0.19    1.38 ^ output11/X (sky130_fd_sc_hd__clkbuf_4)
     1    0.04                           Y[0] (net)
                  0.12    0.00    1.39 ^ Y[0] (out)
                                  1.39   data arrival time

                          0.00    0.00   clock clk (rise edge)
                          0.00    0.00   clock network delay (propagated)
                          0.25    0.25   clock uncertainty
                          0.00    0.25   clock reconvergence pessimism
                         -2.00   -1.75   output external delay
                                 -1.75   data required time
-----------------------------------------------------------------------------
                                 -1.75   data required time
                                 -1.39   data arrival time
-----------------------------------------------------------------------------
                                  3.14   slack (MET)


Startpoint: _150_ (rising edge-triggered flip-flop clocked by clk)
Endpoint: Y[2] (output port clocked by clk)
Path Group: clk
Path Type: min

Fanout     Cap    Slew   Delay    Time   Description
-----------------------------------------------------------------------------
                          0.00    0.00   clock clk (rise edge)
                          0.00    0.00   clock source latency
                  0.12    0.08    0.08 ^ clk (in)
     1    0.03                           clk (net)
                  0.12    0.00    0.08 ^ clkbuf_0_clk/A (sky130_fd_sc_hd__clkbuf_16)
                  0.04    0.14    0.23 ^ clkbuf_0_clk/X (sky130_fd_sc_hd__clkbuf_16)
     2    0.02                           clknet_0_clk (net)
                  0.04    0.00    0.23 ^ clkbuf_1_1__f_clk/A (sky130_fd_sc_hd__clkbuf_16)
                  0.03    0.10    0.33 ^ clkbuf_1_1__f_clk/X (sky130_fd_sc_hd__clkbuf_16)
     1    0.00                           clknet_1_1__leaf_clk (net)
                  0.03    0.00    0.33 ^ _150_/CLK (sky130_fd_sc_hd__dfrtp_4)
                  0.11    0.42    0.75 ^ _150_/Q (sky130_fd_sc_hd__dfrtp_4)
    10    0.03                           alu.sel[2] (net)
                  0.11    0.00    0.75 ^ _096_/B (sky130_fd_sc_hd__or3b_2)
                  0.07    0.15    0.90 ^ _096_/X (sky130_fd_sc_hd__or3b_2)
     3    0.01                           _029_ (net)
                  0.07    0.00    0.90 ^ _107_/B1 (sky130_fd_sc_hd__a21oi_1)
                  0.04    0.05    0.95 v _107_/Y (sky130_fd_sc_hd__a21oi_1)
     1    0.00                           _039_ (net)
                  0.04    0.00    0.95 v _116_/A2 (sky130_fd_sc_hd__a21o_4)
                  0.08    0.24    1.20 v _116_/X (sky130_fd_sc_hd__a21o_4)
     2    0.04                           net13 (net)
                  0.08    0.01    1.20 v output13/A (sky130_fd_sc_hd__clkbuf_4)
                  0.08    0.19    1.40 v output13/X (sky130_fd_sc_hd__clkbuf_4)
     1    0.04                           Y[2] (net)
                  0.08    0.00    1.40 v Y[2] (out)
                                  1.40   data arrival time

                          0.00    0.00   clock clk (rise edge)
                          0.00    0.00   clock network delay (propagated)
                          0.25    0.25   clock uncertainty
                          0.00    0.25   clock reconvergence pessimism
                         -2.00   -1.75   output external delay
                                 -1.75   data required time
-----------------------------------------------------------------------------
                                 -1.75   data required time
                                 -1.40   data arrival time
-----------------------------------------------------------------------------
                                  3.15   slack (MET)


Startpoint: _150_ (rising edge-triggered flip-flop clocked by clk)
Endpoint: Y[1] (output port clocked by clk)
Path Group: clk
Path Type: min

Fanout     Cap    Slew   Delay    Time   Description
-----------------------------------------------------------------------------
                          0.00    0.00   clock clk (rise edge)
                          0.00    0.00   clock source latency
                  0.12    0.08    0.08 ^ clk (in)
     1    0.03                           clk (net)
                  0.12    0.00    0.08 ^ clkbuf_0_clk/A (sky130_fd_sc_hd__clkbuf_16)
                  0.04    0.14    0.23 ^ clkbuf_0_clk/X (sky130_fd_sc_hd__clkbuf_16)
     2    0.02                           clknet_0_clk (net)
                  0.04    0.00    0.23 ^ clkbuf_1_1__f_clk/A (sky130_fd_sc_hd__clkbuf_16)
                  0.03    0.10    0.33 ^ clkbuf_1_1__f_clk/X (sky130_fd_sc_hd__clkbuf_16)
     1    0.00                           clknet_1_1__leaf_clk (net)
                  0.03    0.00    0.33 ^ _150_/CLK (sky130_fd_sc_hd__dfrtp_4)
                  0.11    0.42    0.75 ^ _150_/Q (sky130_fd_sc_hd__dfrtp_4)
    10    0.03                           alu.sel[2] (net)
                  0.11    0.00    0.75 ^ _075_/B (sky130_fd_sc_hd__nand3b_2)
                  0.08    0.11    0.86 v _075_/Y (sky130_fd_sc_hd__nand3b_2)
     4    0.01                           _009_ (net)
                  0.08    0.00    0.86 v _089_/B (sky130_fd_sc_hd__nor2_1)
                  0.08    0.09    0.95 ^ _089_/Y (sky130_fd_sc_hd__nor2_1)
     1    0.00                           _022_ (net)
                  0.08    0.00    0.95 ^ _090_/C1 (sky130_fd_sc_hd__a211o_1)
                  0.03    0.09    1.04 ^ _090_/X (sky130_fd_sc_hd__a211o_1)
     1    0.00                           _023_ (net)
                  0.03    0.00    1.04 ^ _099_/B (sky130_fd_sc_hd__or4_1)
                  0.04    0.09    1.13 ^ _099_/X (sky130_fd_sc_hd__or4_1)
     1    0.00                           _032_ (net)
                  0.04    0.00    1.13 ^ _100_/A (sky130_fd_sc_hd__buf_1)
                  0.12    0.12    1.25 ^ _100_/X (sky130_fd_sc_hd__buf_1)
     2    0.01                           net12 (net)
                  0.12    0.00    1.25 ^ output12/A (sky130_fd_sc_hd__clkbuf_4)
                  0.11    0.20    1.46 ^ output12/X (sky130_fd_sc_hd__clkbuf_4)
     1    0.04                           Y[1] (net)
                  0.11    0.00    1.46 ^ Y[1] (out)
                                  1.46   data arrival time

                          0.00    0.00   clock clk (rise edge)
                          0.00    0.00   clock network delay (propagated)
                          0.25    0.25   clock uncertainty
                          0.00    0.25   clock reconvergence pessimism
                         -2.00   -1.75   output external delay
                                 -1.75   data required time
-----------------------------------------------------------------------------
                                 -1.75   data required time
                                 -1.46   data arrival time
-----------------------------------------------------------------------------
                                  3.21   slack (MET)


Startpoint: _149_ (rising edge-triggered flip-flop clocked by clk)
Endpoint: Zero (output port clocked by clk)
Path Group: clk
Path Type: min

Fanout     Cap    Slew   Delay    Time   Description
-----------------------------------------------------------------------------
                          0.00    0.00   clock clk (rise edge)
                          0.00    0.00   clock source latency
                  0.12    0.08    0.08 ^ clk (in)
     1    0.03                           clk (net)
                  0.12    0.00    0.08 ^ clkbuf_0_clk/A (sky130_fd_sc_hd__clkbuf_16)
                  0.04    0.14    0.23 ^ clkbuf_0_clk/X (sky130_fd_sc_hd__clkbuf_16)
     2    0.02                           clknet_0_clk (net)
                  0.04    0.00    0.23 ^ clkbuf_1_0__f_clk/A (sky130_fd_sc_hd__clkbuf_16)
                  0.03    0.10    0.33 ^ clkbuf_1_0__f_clk/X (sky130_fd_sc_hd__clkbuf_16)
     2    0.01                           clknet_1_0__leaf_clk (net)
                  0.03    0.00    0.33 ^ _149_/CLK (sky130_fd_sc_hd__dfrtp_1)
                  0.06    0.31    0.64 ^ _149_/Q (sky130_fd_sc_hd__dfrtp_1)
     2    0.00                           alu.sel[1] (net)
                  0.06    0.00    0.64 ^ _087_/B (sky130_fd_sc_hd__and3b_1)
                  0.16    0.22    0.86 ^ _087_/X (sky130_fd_sc_hd__and3b_1)
     4    0.02                           _020_ (net)
                  0.16    0.00    0.86 ^ _131_/A2 (sky130_fd_sc_hd__a211o_1)
                  0.04    0.13    1.00 ^ _131_/X (sky130_fd_sc_hd__a211o_1)
     1    0.00                           _062_ (net)
                  0.04    0.00    1.00 ^ _132_/B1 (sky130_fd_sc_hd__a31o_1)
                  0.08    0.11    1.11 ^ _132_/X (sky130_fd_sc_hd__a31o_1)
     2    0.01                           _063_ (net)
                  0.08    0.00    1.11 ^ _136_/C (sky130_fd_sc_hd__nor4_1)
                  0.04    0.06    1.17 v _136_/Y (sky130_fd_sc_hd__nor4_1)
     1    0.01                           net15 (net)
                  0.04    0.00    1.17 v wire16/A (sky130_fd_sc_hd__dlymetal6s2s_1)
                  0.07    0.15    1.32 v wire16/X (sky130_fd_sc_hd__dlymetal6s2s_1)
     1    0.01                           net16 (net)
                  0.07    0.00    1.33 v output15/A (sky130_fd_sc_hd__clkbuf_4)
                  0.08    0.18    1.51 v output15/X (sky130_fd_sc_hd__clkbuf_4)
     1    0.04                           Zero (net)
                  0.08    0.00    1.51 v Zero (out)
                                  1.51   data arrival time

                          0.00    0.00   clock clk (rise edge)
                          0.00    0.00   clock network delay (propagated)
                          0.25    0.25   clock uncertainty
                          0.00    0.25   clock reconvergence pessimism
                         -2.00   -1.75   output external delay
                                 -1.75   data required time
-----------------------------------------------------------------------------
                                 -1.75   data required time
                                 -1.51   data arrival time
-----------------------------------------------------------------------------
                                  3.26   slack (MET)


Startpoint: _149_ (rising edge-triggered flip-flop clocked by clk)
Endpoint: Y[3] (output port clocked by clk)
Path Group: clk
Path Type: min

Fanout     Cap    Slew   Delay    Time   Description
-----------------------------------------------------------------------------
                          0.00    0.00   clock clk (rise edge)
                          0.00    0.00   clock source latency
                  0.12    0.08    0.08 ^ clk (in)
     1    0.03                           clk (net)
                  0.12    0.00    0.08 ^ clkbuf_0_clk/A (sky130_fd_sc_hd__clkbuf_16)
                  0.04    0.14    0.23 ^ clkbuf_0_clk/X (sky130_fd_sc_hd__clkbuf_16)
     2    0.02                           clknet_0_clk (net)
                  0.04    0.00    0.23 ^ clkbuf_1_0__f_clk/A (sky130_fd_sc_hd__clkbuf_16)
                  0.03    0.10    0.33 ^ clkbuf_1_0__f_clk/X (sky130_fd_sc_hd__clkbuf_16)
     2    0.01                           clknet_1_0__leaf_clk (net)
                  0.03    0.00    0.33 ^ _149_/CLK (sky130_fd_sc_hd__dfrtp_1)
                  0.06    0.31    0.64 ^ _149_/Q (sky130_fd_sc_hd__dfrtp_1)
     2    0.00                           alu.sel[1] (net)
                  0.06    0.00    0.64 ^ _087_/B (sky130_fd_sc_hd__and3b_1)
                  0.16    0.22    0.86 ^ _087_/X (sky130_fd_sc_hd__and3b_1)
     4    0.02                           _020_ (net)
                  0.16    0.00    0.86 ^ _131_/A2 (sky130_fd_sc_hd__a211o_1)
                  0.04    0.13    1.00 ^ _131_/X (sky130_fd_sc_hd__a211o_1)
     1    0.00                           _062_ (net)
                  0.04    0.00    1.00 ^ _132_/B1 (sky130_fd_sc_hd__a31o_1)
                  0.08    0.11    1.11 ^ _132_/X (sky130_fd_sc_hd__a31o_1)
     2    0.01                           _063_ (net)
                  0.08    0.00    1.11 ^ _133_/B (sky130_fd_sc_hd__or2_2)
                  0.08    0.15    1.25 ^ _133_/X (sky130_fd_sc_hd__or2_2)
     1    0.01                           _064_ (net)
                  0.08    0.00    1.25 ^ _134_/A (sky130_fd_sc_hd__buf_1)
                  0.11    0.13    1.39 ^ _134_/X (sky130_fd_sc_hd__buf_1)
     1    0.01                           net14 (net)
                  0.11    0.00    1.39 ^ output14/A (sky130_fd_sc_hd__clkbuf_4)
                  0.12    0.20    1.59 ^ output14/X (sky130_fd_sc_hd__clkbuf_4)
     1    0.04                           Y[3] (net)
                  0.12    0.00    1.59 ^ Y[3] (out)
                                  1.59   data arrival time

                          0.00    0.00   clock clk (rise edge)
                          0.00    0.00   clock network delay (propagated)
                          0.25    0.25   clock uncertainty
                          0.00    0.25   clock reconvergence pessimism
                         -2.00   -1.75   output external delay
                                 -1.75   data required time
-----------------------------------------------------------------------------
                                 -1.75   data required time
                                 -1.59   data arrival time
-----------------------------------------------------------------------------
                                  3.34   slack (MET)



